Component: ARM Compiler 5.06 update 3 (build 300) Tool: armlink [4d35c9]

==============================================================================

Section Cross References

    main.o(i.main) refers to misc.o(i.NVIC_PriorityGroupConfig) for NVIC_PriorityGroupConfig
    main.o(i.main) refers to delay.o(i.delay_init) for delay_init
    main.o(i.main) refers to usart.o(i.uart_init) for uart_init
    main.o(i.main) refers to usart3.o(i.usart3_init) for usart3_init
    main.o(i.main) refers to led.o(i.LED_Init) for LED_Init
    main.o(i.main) refers to lcd.o(i.LCD_Init) for LCD_Init
    main.o(i.main) refers to key.o(i.KEY_Init) for KEY_Init
    main.o(i.main) refers to w25qxx.o(i.W25QXX_Init) for W25QXX_Init
    main.o(i.main) refers to malloc.o(i.my_mem_init) for my_mem_init
    main.o(i.main) refers to exfuns.o(i.exfuns_init) for exfuns_init
    main.o(i.main) refers to ff.o(i.f_mount) for f_mount
    main.o(i.main) refers to key.o(i.KEY_Scan) for KEY_Scan
    main.o(i.main) refers to lcd.o(i.LCD_Clear) for LCD_Clear
    main.o(i.main) refers to touch.o(i.TP_Adjust) for TP_Adjust
    main.o(i.main) refers to touch.o(i.TP_Save_Adjdata) for TP_Save_Adjdata
    main.o(i.main) refers to fontupd.o(i.font_init) for font_init
    main.o(i.main) refers to lcd.o(i.LCD_ShowString) for LCD_ShowString
    main.o(i.main) refers to delay.o(i.delay_ms) for delay_ms
    main.o(i.main) refers to lcd.o(i.LCD_Fill) for LCD_Fill
    main.o(i.main) refers to sdio_sdcard.o(i.SD_Init) for SD_Init
    main.o(i.main) refers to fontupd.o(i.update_font) for update_font
    main.o(i.main) refers to ff.o(i.f_mkfs) for f_mkfs
    main.o(i.main) refers to ff.o(i.f_setlabel) for f_setlabel
    main.o(i.main) refers to printfa.o(i.__0printf) for __2printf
    main.o(i.main) refers to exfuns.o(i.exf_getfree) for exf_getfree
    main.o(i.main) refers to usbd_core.o(i.USBD_Init) for USBD_Init
    main.o(i.main) refers to text.o(i.Show_Str_Mid) for Show_Str_Mid
    main.o(i.main) refers to common.o(i.atk_8266_quit_trans) for atk_8266_quit_trans
    main.o(i.main) refers to common.o(i.atk_8266_send_cmd) for atk_8266_send_cmd
    main.o(i.main) refers to text.o(i.Show_Str) for Show_Str
    main.o(i.main) refers to common.o(i.atk_8266_at_response) for atk_8266_at_response
    main.o(i.main) refers to wifista.o(i.atk_8266_wifista_test) for atk_8266_wifista_test
    main.o(i.main) refers to touch.o(.data) for tp_dev
    main.o(i.main) refers to usmart_config.o(.data) for usmart_dev
    main.o(i.main) refers to exfuns.o(.data) for fs
    main.o(i.main) refers to lcd.o(.data) for POINT_COLOR
    main.o(i.main) refers to usbd_usr.o(.data) for USR_cb
    main.o(i.main) refers to usbd_msc_core.o(.data) for USBD_MSC_cb
    main.o(i.main) refers to usbd_desc.o(.data) for USR_desc
    main.o(i.main) refers to main.o(.bss) for USB_OTG_dev
    main.o(i.main) refers to usbd_storage_msd.o(.data) for USB_STATUS_REG
    system_stm32f4xx.o(i.SystemCoreClockUpdate) refers to system_stm32f4xx.o(.data) for SystemCoreClock
    system_stm32f4xx.o(i.SystemInit) refers to system_stm32f4xx.o(i.SetSysClock) for SetSysClock
    startup_stm32f40_41xxx.o(RESET) refers to startup_stm32f40_41xxx.o(STACK) for __initial_sp
    startup_stm32f40_41xxx.o(RESET) refers to startup_stm32f40_41xxx.o(.text) for Reset_Handler
    startup_stm32f40_41xxx.o(RESET) refers to stm32f4xx_it.o(i.NMI_Handler) for NMI_Handler
    startup_stm32f40_41xxx.o(RESET) refers to stm32f4xx_it.o(i.HardFault_Handler) for HardFault_Handler
    startup_stm32f40_41xxx.o(RESET) refers to stm32f4xx_it.o(i.MemManage_Handler) for MemManage_Handler
    startup_stm32f40_41xxx.o(RESET) refers to stm32f4xx_it.o(i.BusFault_Handler) for BusFault_Handler
    startup_stm32f40_41xxx.o(RESET) refers to stm32f4xx_it.o(i.UsageFault_Handler) for UsageFault_Handler
    startup_stm32f40_41xxx.o(RESET) refers to stm32f4xx_it.o(i.SVC_Handler) for SVC_Handler
    startup_stm32f40_41xxx.o(RESET) refers to stm32f4xx_it.o(i.DebugMon_Handler) for DebugMon_Handler
    startup_stm32f40_41xxx.o(RESET) refers to stm32f4xx_it.o(i.PendSV_Handler) for PendSV_Handler
    startup_stm32f40_41xxx.o(RESET) refers to stm32f4xx_it.o(i.SysTick_Handler) for SysTick_Handler
    startup_stm32f40_41xxx.o(RESET) refers to usmart.o(i.TIM4_IRQHandler) for TIM4_IRQHandler
    startup_stm32f40_41xxx.o(RESET) refers to usart.o(i.USART1_IRQHandler) for USART1_IRQHandler
    startup_stm32f40_41xxx.o(RESET) refers to usart3.o(i.USART3_IRQHandler) for USART3_IRQHandler
    startup_stm32f40_41xxx.o(RESET) refers to sdio_sdcard.o(i.SDIO_IRQHandler) for SDIO_IRQHandler
    startup_stm32f40_41xxx.o(RESET) refers to timer.o(i.TIM7_IRQHandler) for TIM7_IRQHandler
    startup_stm32f40_41xxx.o(RESET) refers to usbd_usr.o(i.OTG_FS_IRQHandler) for OTG_FS_IRQHandler
    startup_stm32f40_41xxx.o(.text) refers to system_stm32f4xx.o(i.SystemInit) for SystemInit
[...]
    TP_Save_Adjdata                          0x0800b4a5   Thumb Code   118  touch.o(i.TP_Save_Adjdata)
    TP_Scan                                  0x0800b525   Thumb Code   242  touch.o(i.TP_Scan)
    TP_Write_Byte                            0x0800b621   Thumb Code    64  touch.o(i.TP_Write_Byte)
    Timer4_Init                              0x0800b66d   Thumb Code    86  usmart.o(i.Timer4_Init)
    USART1_IRQHandler                        0x0800b6c9   Thumb Code   122  usart.o(i.USART1_IRQHandler)
    USART3_IRQHandler                        0x0800b751   Thumb Code    96  usart3.o(i.USART3_IRQHandler)
    USART_ClearFlag                          0x0800b7c1   Thumb Code    18  stm32f4xx_usart.o(i.USART_ClearFlag)
    USART_Cmd                                0x0800b7d3   Thumb Code    24  stm32f4xx_usart.o(i.USART_Cmd)
    USART_DeInit                             0x0800b7ed   Thumb Code   206  stm32f4xx_usart.o(i.USART_DeInit)
    USART_GetFlagStatus                      0x0800b8dd   Thumb Code    26  stm32f4xx_usart.o(i.USART_GetFlagStatus)
    USART_GetITStatus                        0x0800b8f7   Thumb Code    84  stm32f4xx_usart.o(i.USART_GetITStatus)
    USART_ITConfig                           0x0800b94b   Thumb Code    74  stm32f4xx_usart.o(i.USART_ITConfig)
    USART_Init                               0x0800b995   Thumb Code   204  stm32f4xx_usart.o(i.USART_Init)
    USART_ReceiveData                        0x0800ba69   Thumb Code    10  stm32f4xx_usart.o(i.USART_ReceiveData)
    USART_SendData                           0x0800ba73   Thumb Code     8  stm32f4xx_usart.o(i.USART_SendData)
    USBD_ClrCfg                              0x0800ba7b   Thumb Code    22  usbd_core.o(i.USBD_ClrCfg)
    USBD_CtlContinueRx                       0x0800bad9   Thumb Code    30  usbd_ioreq.o(i.USBD_CtlContinueRx)
    USBD_CtlContinueSendData                 0x0800baf7   Thumb Code    30  usbd_ioreq.o(i.USBD_CtlContinueSendData)
    USBD_CtlError                            0x0800bb15   Thumb Code    30  usbd_req.o(i.USBD_CtlError)
    USBD_CtlReceiveStatus                    0x0800bb33   Thumb Code    36  usbd_ioreq.o(i.USBD_CtlReceiveStatus)
    USBD_CtlSendData                         0x0800bb57   Thumb Code    46  usbd_ioreq.o(i.USBD_CtlSendData)
    USBD_CtlSendStatus                       0x0800bb85   Thumb Code    36  usbd_ioreq.o(i.USBD_CtlSendStatus)
    USBD_DeInit                              0x0800bd0f   Thumb Code     6  usbd_core.o(i.USBD_DeInit)
    USBD_GetRxCount                          0x0800be9f   Thumb Code    20  usbd_ioreq.o(i.USBD_GetRxCount)
    USBD_GetString                           0x0800bf05   Thumb Code    82  usbd_req.o(i.USBD_GetString)
    USBD_Init                                0x0800bf57   Thumb Code    66  usbd_core.o(i.USBD_Init)
    USBD_MSC_DataIn                          0x0800bfbd   Thumb Code    18  usbd_msc_core.o(i.USBD_MSC_DataIn)
    USBD_MSC_DataOut                         0x0800bfcf   Thumb Code    18  usbd_msc_core.o(i.USBD_MSC_DataOut)
    USBD_MSC_DeInit                          0x0800bfe1   Thumb Code    32  usbd_msc_core.o(i.USBD_MSC_DeInit)
    USBD_MSC_GetCfgDesc                      0x0800c001   Thumb Code    10  usbd_msc_core.o(i.USBD_MSC_GetCfgDesc)
    USBD_MSC_Init                            0x0800c011   Thumb Code    48  usbd_msc_core.o(i.USBD_MSC_Init)
    USBD_MSC_Setup                           0x0800c041   Thumb Code   276  usbd_msc_core.o(i.USBD_MSC_Setup)
    USBD_OTG_ISR_Handler                     0x0800c161   Thumb Code   224  usb_dcd_int.o(i.USBD_OTG_ISR_Handler)
    USBD_ParseSetupRequest                   0x0800c241   Thumb Code    72  usbd_req.o(i.USBD_ParseSetupRequest)
    USBD_SetCfg                              0x0800c363   Thumb Code    30  usbd_core.o(i.USBD_SetCfg)
    USBD_StdDevReq                           0x0800c549   Thumb Code   114  usbd_req.o(i.USBD_StdDevReq)
    USBD_StdEPReq                            0x0800c5bd   Thumb Code   344  usbd_req.o(i.USBD_StdEPReq)
    USBD_StdItfReq                           0x0800c719   Thumb Code    76  usbd_req.o(i.USBD_StdItfReq)
    USBD_USR_ConfigStrDescriptor             0x0800c785   Thumb Code    34  usbd_desc.o(i.USBD_USR_ConfigStrDescriptor)
    USBD_USR_DeviceConfigured                0x0800c7b9   Thumb Code    10  usbd_usr.o(i.USBD_USR_DeviceConfigured)
    USBD_USR_DeviceConnected                 0x0800c7e1   Thumb Code    16  usbd_usr.o(i.USBD_USR_DeviceConnected)
    USBD_USR_DeviceDescriptor                0x0800c80d   Thumb Code    10  usbd_desc.o(i.USBD_USR_DeviceDescriptor)
    USBD_USR_DeviceDisconnected              0x0800c81d   Thumb Code    16  usbd_usr.o(i.USBD_USR_DeviceDisconnected)
    USBD_USR_DeviceReset                     0x0800c84d   Thumb Code    40  usbd_usr.o(i.USBD_USR_DeviceReset)
    USBD_USR_DeviceResumed                   0x0800c8e1   Thumb Code    10  usbd_usr.o(i.USBD_USR_DeviceResumed)
    USBD_USR_DeviceSuspended                 0x0800c901   Thumb Code    10  usbd_usr.o(i.USBD_USR_DeviceSuspended)
    USBD_USR_Init                            0x0800c929   Thumb Code     2  usbd_usr.o(i.USBD_USR_Init)
    USBD_USR_InterfaceStrDescriptor          0x0800c92d   Thumb Code    34  usbd_desc.o(i.USBD_USR_InterfaceStrDescriptor)
    USBD_USR_LangIDStrDescriptor             0x0800c965   Thumb Code    10  usbd_desc.o(i.USBD_USR_LangIDStrDescriptor)
    USBD_USR_ManufacturerStrDescriptor       0x0800c975   Thumb Code    20  usbd_desc.o(i.USBD_USR_ManufacturerStrDescriptor)
    USBD_USR_ProductStrDescriptor            0x0800c999   Thumb Code    34  usbd_desc.o(i.USBD_USR_ProductStrDescriptor)
    USBD_USR_SerialStrDescriptor             0x0800c9f5   Thumb Code    34  usbd_desc.o(i.USBD_USR_SerialStrDescriptor)
    USB_OTG_BSP_EnableInterrupt              0x0800ca3d   Thumb Code    36  usb_bsp.o(i.USB_OTG_BSP_EnableInterrupt)
    USB_OTG_BSP_Init                         0x0800ca61   Thumb Code   112  usb_bsp.o(i.USB_OTG_BSP_Init)
    USB_OTG_BSP_mDelay                       0x0800cad9   Thumb Code    12  usb_bsp.o(i.USB_OTG_BSP_mDelay)
    USB_OTG_BSP_uDelay                       0x0800cae5   Thumb Code    12  usb_bsp.o(i.USB_OTG_BSP_uDelay)
    USB_OTG_CoreInit                         0x0800caf1   Thumb Code   294  usb_core.o(i.USB_OTG_CoreInit)
    USB_OTG_CoreInitDev                      0x0800cc17   Thumb Code   522  usb_core.o(i.USB_OTG_CoreInitDev)
    USB_OTG_DisableGlobalInt                 0x0800ce91   Thumb Code    34  usb_core.o(i.USB_OTG_DisableGlobalInt)
    USB_OTG_EP0Activate                      0x0800ceb3   Thumb Code   106  usb_core.o(i.USB_OTG_EP0Activate)
    USB_OTG_EP0StartXfer                     0x0800cf1d   Thumb Code   342  usb_core.o(i.USB_OTG_EP0StartXfer)
    USB_OTG_EP0_OutStart                     0x0800d073   Thumb Code    98  usb_core.o(i.USB_OTG_EP0_OutStart)
    USB_OTG_EPActivate                       0x0800d0d5   Thumb Code   152  usb_core.o(i.USB_OTG_EPActivate)
    USB_OTG_EPClearStall                     0x0800d16d   Thumb Code    80  usb_core.o(i.USB_OTG_EPClearStall)
    USB_OTG_EPDeactivate                     0x0800d1bd   Thumb Code    94  usb_core.o(i.USB_OTG_EPDeactivate)
    USB_OTG_EPSetStall                       0x0800d21b   Thumb Code   100  usb_core.o(i.USB_OTG_EPSetStall)
    USB_OTG_EPStartXfer                      0x0800d27f   Thumb Code   502  usb_core.o(i.USB_OTG_EPStartXfer)
    USB_OTG_EnableDevInt                     0x0800d4a9   Thumb Code   154  usb_core.o(i.USB_OTG_EnableDevInt)
    USB_OTG_EnableGlobalInt                  0x0800d543   Thumb Code    34  usb_core.o(i.USB_OTG_EnableGlobalInt)
    USB_OTG_FlushRxFifo                      0x0800d565   Thumb Code    70  usb_core.o(i.USB_OTG_FlushRxFifo)
    USB_OTG_FlushTxFifo                      0x0800d5b1   Thumb Code    80  usb_core.o(i.USB_OTG_FlushTxFifo)
    USB_OTG_GetDeviceSpeed                   0x0800d605   Thumb Code    52  usb_core.o(i.USB_OTG_GetDeviceSpeed)
    USB_OTG_GetMode                          0x0800d639   Thumb Code    12  usb_core.o(i.USB_OTG_GetMode)
    USB_OTG_InitDevSpeed                     0x0800d645   Thumb Code    24  usb_core.o(i.USB_OTG_InitDevSpeed)
    USB_OTG_IsDeviceMode                     0x0800d65d   Thumb Code    22  usb_core.o(i.USB_OTG_IsDeviceMode)
    USB_OTG_ReadCoreItr                      0x0800d673   Thumb Code    16  usb_core.o(i.USB_OTG_ReadCoreItr)
    USB_OTG_ReadDevAllInEPItr                0x0800d683   Thumb Code    16  usb_core.o(i.USB_OTG_ReadDevAllInEPItr)
    USB_OTG_ReadDevAllOutEp_itr              0x0800d693   Thumb Code    16  usb_core.o(i.USB_OTG_ReadDevAllOutEp_itr)
    USB_OTG_ReadDevOutEP_itr                 0x0800d6a3   Thumb Code    20  usb_core.o(i.USB_OTG_ReadDevOutEP_itr)
    USB_OTG_ReadPacket                       0x0800d6b7   Thumb Code    40  usb_core.o(i.USB_OTG_ReadPacket)
    USB_OTG_SelectCore                       0x0800d6e1   Thumb Code   204  usb_core.o(i.USB_OTG_SelectCore)
    USB_OTG_SetCurrentMode                   0x0800d7b1   Thumb Code    78  usb_core.o(i.USB_OTG_SetCurrentMode)
    USB_OTG_WritePacket                      0x0800d7ff   Thumb Code    64  usb_core.o(i.USB_OTG_WritePacket)
    UsageFault_Handler                       0x0800d83f   Thumb Code     4  stm32f4xx_it.o(i.UsageFault_Handler)
    W25QXX_Erase_Sector                      0x0800d845   Thumb Code    70  w25qxx.o(i.W25QXX_Erase_Sector)
    W25QXX_Init                              0x0800d89d   Thumb Code   102  w25qxx.o(i.W25QXX_Init)
    W25QXX_Read                              0x0800d915   Thumb Code    74  w25qxx.o(i.W25QXX_Read)
    W25QXX_ReadID                            0x0800d965   Thumb Code    64  w25qxx.o(i.W25QXX_ReadID)
    W25QXX_ReadSR                            0x0800d9ad   Thumb Code    36  w25qxx.o(i.W25QXX_ReadSR)
    W25QXX_Wait_Busy                         0x0800d9d9   Thumb Code    18  w25qxx.o(i.W25QXX_Wait_Busy)
    W25QXX_Write                             0x0800d9ed   Thumb Code   180  w25qxx.o(i.W25QXX_Write)
    W25QXX_Write_Enable                      0x0800daa5   Thumb Code    24  w25qxx.o(i.W25QXX_Write_Enable)
    W25QXX_Write_NoCheck                     0x0800dac5   Thumb Code    70  w25qxx.o(i.W25QXX_Write_NoCheck)
    W25QXX_Write_Page                        0x0800db0d   Thumb Code    80  w25qxx.o(i.W25QXX_Write_Page)
    __0printf                                0x0800db61   Thumb Code    22  printfa.o(i.__0printf)
    __1printf                                0x0800db61   Thumb Code     0  printfa.o(i.__0printf)
    __2printf                                0x0800db61   Thumb Code     0  printfa.o(i.__0printf)
    __c89printf                              0x0800db61   Thumb Code     0  printfa.o(i.__0printf)
    printf                                   0x0800db61   Thumb Code     0  printfa.o(i.__0printf)
    __0sprintf                               0x0800db81   Thumb Code    34  printfa.o(i.__0sprintf)
    __1sprintf                               0x0800db81   Thumb Code     0  printfa.o(i.__0sprintf)
    __2sprintf                               0x0800db81   Thumb Code     0  printfa.o(i.__0sprintf)
    __c89sprintf                             0x0800db81   Thumb Code     0  printfa.o(i.__0sprintf)
    sprintf                                  0x0800db81   Thumb Code     0  printfa.o(i.__0sprintf)
    __0vsprintf                              0x0800dba9   Thumb Code    30  printfa.o(i.__0vsprintf)
    __1vsprintf                              0x0800dba9   Thumb Code     0  printfa.o(i.__0vsprintf)
    __2vsprintf                              0x0800dba9   Thumb Code     0  printfa.o(i.__0vsprintf)
    __c89vsprintf                            0x0800dba9   Thumb Code     0  printfa.o(i.__0vsprintf)
    vsprintf                                 0x0800dba9   Thumb Code     0  printfa.o(i.__0vsprintf)
    __hardfp_sqrt                            0x0800dbcd   Thumb Code   122  sqrt.o(i.__hardfp_sqrt)
    __scatterload_copy                       0x0800dc47   Thumb Code    14  handlers.o(i.__scatterload_copy)
    __scatterload_null                       0x0800dc55   Thumb Code     2  handlers.o(i.__scatterload_null)
    __scatterload_zeroinit                   0x0800dc57   Thumb Code    14  handlers.o(i.__scatterload_zeroinit)
    __set_errno                              0x0800dc65   Thumb Code     6  errno.o(i.__set_errno)
    atk_8266_at_response                     0x0800e52d   Thumb Code    46  common.o(i.atk_8266_at_response)
    atk_8266_check_cmd                       0x0800e569   Thumb Code    44  common.o(i.atk_8266_check_cmd)
    atk_8266_consta_check                    0x0800e59d   Thumb Code    36  common.o(i.atk_8266_consta_check)
    atk_8266_get_keynum                      0x0800e5e1   Thumb Code   230  common.o(i.atk_8266_get_keynum)
    atk_8266_get_wanip                       0x0800e6d1   Thumb Code    58  common.o(i.atk_8266_get_wanip)
    atk_8266_ip_set                          0x0800e725   Thumb Code   366  common.o(i.atk_8266_ip_set)
    atk_8266_key_staset                      0x0800e8d1   Thumb Code   292  common.o(i.atk_8266_key_staset)
    atk_8266_load_keyboard                   0x0800e9fd   Thumb Code   280  common.o(i.atk_8266_load_keyboard)
    atk_8266_netpro_sel                      0x0800eb21   Thumb Code   506  common.o(i.atk_8266_netpro_sel)
    atk_8266_quit_trans                      0x0800ed89   Thumb Code   100  common.o(i.atk_8266_quit_trans)
    atk_8266_send_cmd                        0x0800edf9   Thumb Code    92  common.o(i.atk_8266_send_cmd)
    atk_8266_send_data                       0x0800ee6d   Thumb Code    84  common.o(i.atk_8266_send_data)
    atk_8266_wificonf_show                   0x0800eec9   Thumb Code   230  common.o(i.atk_8266_wificonf_show)
    atk_8266_wifista_test                    0x0800efd1   Thumb Code  2158  wifista.o(i.atk_8266_wifista_test)
    clust2sect                               0x0800fa1f   Thumb Code    26  ff.o(i.clust2sect)
    convert_from_bytes_to_power_of_two       0x0800fac9   Thumb Code    18  sdio_sdcard.o(i.convert_from_bytes_to_power_of_two)
    delay_init                               0x0800fe21   Thumb Code    52  delay.o(i.delay_init)
    delay_ms                                 0x0800fe5d   Thumb Code    56  delay.o(i.delay_ms)
    delay_us                                 0x0800fe95   Thumb Code    72  delay.o(i.delay_us)
    delay_xms                                0x0800fee1   Thumb Code    72  delay.o(i.delay_xms)
    dir_sdi                                  0x08010365   Thumb Code   158  ff.o(i.dir_sdi)
    disk_initialize                          0x08010405   Thumb Code    52  diskio.o(i.disk_initialize)
    disk_ioctl                               0x0801043d   Thumb Code   170  diskio.o(i.disk_ioctl)
    disk_read                                0x080104f1   Thumb Code    98  diskio.o(i.disk_read)
    disk_status                              0x08010553   Thumb Code     6  diskio.o(i.disk_status)
    disk_write                               0x08010559   Thumb Code    98  diskio.o(i.disk_write)
    exf_getfree                              0x080105bb   Thumb Code    74  exfuns.o(i.exf_getfree)
    exfuns_init                              0x08010605   Thumb Code   110  exfuns.o(i.exfuns_init)
    f_close                                  0x08010685   Thumb Code    32  ff.o(i.f_close)
    f_getfree                                0x080106a5   Thumb Code   258  ff.o(i.f_getfree)
    f_lseek                                  0x080107a7   Thumb Code   654  ff.o(i.f_lseek)
    f_mkdir                                  0x08010a35   Thumb Code   380  ff.o(i.f_mkdir)
    f_mkfs                                   0x08010bb1   Thumb Code  1594  ff.o(i.f_mkfs)
    f_mount                                  0x080111f1   Thumb Code    86  ff.o(i.f_mount)
    f_open                                   0x0801124d   Thumb Code   384  ff.o(i.f_open)
    f_read                                   0x080113cd   Thumb Code   432  ff.o(i.f_read)
    f_setlabel                               0x0801157d   Thumb Code   470  ff.o(i.f_setlabel)
    f_sync                                   0x08011765   Thumb Code   176  ff.o(i.f_sync)
    f_write                                  0x08011815   Thumb Code   498  ff.o(i.f_write)
    ff_convert                               0x08011a09   Thumb Code   146  mycc936.o(i.ff_convert)
    ff_memalloc                              0x08011aa1   Thumb Code    14  diskio.o(i.ff_memalloc)
    ff_memfree                               0x08011aaf   Thumb Code    14  diskio.o(i.ff_memfree)
    ff_wtoupper                              0x08011abd   Thumb Code    46  mycc936.o(i.ff_wtoupper)
    font_init                                0x08011f8d   Thumb Code    64  fontupd.o(i.font_init)
    fputc                                    0x08011fd1   Thumb Code    22  usart.o(i.fputc)
    fupd_prog                                0x08011fed   Thumb Code   148  fontupd.o(i.fupd_prog)
    get_fat                                  0x08012151   Thumb Code   232  ff.o(i.get_fat)
    get_fattime                              0x08012239   Thumb Code     4  diskio.o(i.get_fattime)
    main                                     0x080122a9   Thumb Code  1818  main.o(i.main)
    my_mem_free                              0x08012a95   Thumb Code    96  malloc.o(i.my_mem_free)
    my_mem_init                              0x08012b01   Thumb Code    54  malloc.o(i.my_mem_init)
    my_mem_malloc                            0x08012b45   Thumb Code   156  malloc.o(i.my_mem_malloc)
    my_mem_perused                           0x08012bed   Thumb Code    54  malloc.o(i.my_mem_perused)
    myfree                                   0x08012c2d   Thumb Code    30  malloc.o(i.myfree)
    mymalloc                                 0x08012c51   Thumb Code    34  malloc.o(i.mymalloc)
    mymemset                                 0x08012c79   Thumb Code    20  malloc.o(i.mymemset)
    put_fat                                  0x08012d01   Thumb Code   310  ff.o(i.put_fat)
    read_addr                                0x08012e37   Thumb Code     6  usmart.o(i.read_addr)
    u3_printf                                0x08012fed   Thumb Code    72  usart3.o(i.u3_printf)
    uart_init                                0x0801303d   Thumb Code   172  usart.o(i.uart_init)
    updata_fontx                             0x080130f1   Thumb Code   346  fontupd.o(i.updata_fontx)
    update_font                              0x08013255   Thumb Code   784  fontupd.o(i.update_font)
    usart3_init                              0x080135e9   Thumb Code   198  usart3.o(i.usart3_init)
    usmart_cmd_rec                           0x080136c1   Thumb Code   170  usmart.o(i.usmart_cmd_rec)
    usmart_exe                               0x08013771   Thumb Code   632  usmart.o(i.usmart_exe)
    usmart_get_aparm                         0x08013a45   Thumb Code   200  usmart_str.o(i.usmart_get_aparm)
    usmart_get_cmdname                       0x08013b0d   Thumb Code    54  usmart_str.o(i.usmart_get_cmdname)
    usmart_get_fname                         0x08013b45   Thumb Code   440  usmart_str.o(i.usmart_get_fname)
    usmart_get_fparam                        0x08013d05   Thumb Code   262  usmart_str.o(i.usmart_get_fparam)
    usmart_get_parmpos                       0x08013e11   Thumb Code    26  usmart_str.o(i.usmart_get_parmpos)
    usmart_get_runtime                       0x08013e31   Thumb Code    60  usmart.o(i.usmart_get_runtime)
    usmart_init                              0x08013e75   Thumb Code    36  usmart.o(i.usmart_init)
    usmart_pow                               0x08013e9d   Thumb Code    22  usmart_str.o(i.usmart_pow)
    usmart_reset_runtime                     0x08013eb5   Thumb Code    38  usmart.o(i.usmart_reset_runtime)
    usmart_scan                              0x08013ee5   Thumb Code   120  usmart.o(i.usmart_scan)
    usmart_search_nextc                      0x08013fa1   Thumb Code    22  usmart_str.o(i.usmart_search_nextc)
    usmart_str2num                           0x08013fb7   Thumb Code   202  usmart_str.o(i.usmart_str2num)
    usmart_strcmp                            0x08014081   Thumb Code    34  usmart_str.o(i.usmart_strcmp)
    usmart_strcopy                           0x080140a3   Thumb Code    22  usmart_str.o(i.usmart_strcopy)
    usmart_strlen                            0x080140b9   Thumb Code    24  usmart_str.o(i.usmart_strlen)
    usmart_sys_cmd_exe                       0x080140d1   Thumb Code  1554  usmart.o(i.usmart_sys_cmd_exe)
    write_addr                               0x080147eb   Thumb Code     4  usmart.o(i.write_addr)
    asc2_1206                                0x080147ee   Data        1140  lcd.o(.constdata)
    asc2_1608                                0x08014c62   Data        1520  lcd.o(.constdata)
    asc2_2412                                0x08015252   Data        3420  lcd.o(.constdata)
    FT5206_TPX_TBL                           0x08015fae   Data          10  ft5206.o(.constdata)
    GT9147_CFG_TBL                           0x08015fb8   Data         184  gt9147.o(.constdata)
    GT9147_TPX_TBL                           0x08016070   Data          10  gt9147.o(.constdata)
    OTT_TPX_TBL                              0x0801607a   Data          10  ott2001a.o(.constdata)
    TP_REMIND_MSG_TBL                        0x08016084   Data           4  touch.o(.constdata)
    memtblsize                               0x08016088   Data          12  malloc.o(.constdata)
    memblksize                               0x08016094   Data          12  malloc.o(.constdata)
    memsize                                  0x080160a0   Data          12  malloc.o(.constdata)
    GBK24_PATH                               0x080164a8   Data           4  fontupd.o(.constdata)
    GBK16_PATH                               0x080164ac   Data           4  fontupd.o(.constdata)
    GBK12_PATH                               0x080164b0   Data           4  fontupd.o(.constdata)
    UNIGBK_PATH                              0x080164b4   Data           4  fontupd.o(.constdata)
    MSC_Page00_Inquiry_Data                  0x080164b8   Data           7  usbd_msc_data.o(.constdata)
    MSC_Mode_Sense6_data                     0x080164bf   Data           8  usbd_msc_data.o(.constdata)
    MSC_Mode_Sense10_data                    0x080164c7   Data           8  usbd_msc_data.o(.constdata)
    STORAGE_Inquirydata                      0x080164cf   Data          72  usbd_storage_msd.o(.constdata)
    Region$$Table$$Base                      0x080167f8   Number         0  anon$$obj.o(Region$$Table)
    Region$$Table$$Limit                     0x08016818   Number         0  anon$$obj.o(Region$$Table)
    mem3base                                 0x10000000   Data       61440  malloc.o(.ARM.__AT_0x10000000)
    mem3mapbase                              0x1000f000   Data        3840  malloc.o(.ARM.__AT_0x1000F000)
    __stdout                                 0x20000004   Data           4  usart.o(.data)
    USART_RX_STA                             0x20000008   Data           2  usart.o(.data)
    POINT_COLOR                              0x2000000c   Data           2  lcd.o(.data)
    BACK_COLOR                               0x2000000e   Data           2  lcd.o(.data)
    TransferError                            0x2000001a   Data           1  sdio_sdcard.o(.data)
    TransferEnd                              0x2000001b   Data           1  sdio_sdcard.o(.data)
    tempbuff                                 0x2000001c   Data           4  sdio_sdcard.o(.data)
    tp_dev                                   0x20000024   Data          52  touch.o(.data)
    CMD_RDX                                  0x20000058   Data           1  touch.o(.data)
    CMD_RDY                                  0x20000059   Data           1  touch.o(.data)
    USART3_RX_STA                            0x2000005a   Data           2  usart3.o(.data)
    W25QXX_TYPE                              0x2000005c   Data           2  w25qxx.o(.data)
    mallco_dev                               0x20000070   Data          36  malloc.o(.data)
    FLASH_SECTOR_COUNT                       0x2000009e   Data           2  diskio.o(.data)
    FILE_TYPE_TBL                            0x200000a0   Data         312  exfuns.o(.data)
    fs                                       0x200001d8   Data           8  exfuns.o(.data)
    file                                     0x200001e0   Data           4  exfuns.o(.data)
    ftemp                                    0x200001e4   Data           4  exfuns.o(.data)
    br                                       0x200001e8   Data           4  exfuns.o(.data)
    bw                                       0x200001ec   Data           4  exfuns.o(.data)
    fatbuf                                   0x200001f0   Data           4  exfuns.o(.data)
    portnum                                  0x200001f4   Data           4  common.o(.data)
    wifista_ssid                             0x200001f8   Data           4  common.o(.data)
    wifista_encryption                       0x200001fc   Data           4  common.o(.data)
    wifista_password                         0x20000200   Data           4  common.o(.data)
    wifiap_ssid                              0x20000204   Data           4  common.o(.data)
    wifiap_encryption                        0x20000208   Data           4  common.o(.data)
    wifiap_password                          0x2000020c   Data           4  common.o(.data)
    ATK_ESP8266_CWMODE_TBL                   0x20000210   Data          12  common.o(.data)
    ATK_ESP8266_WORKMODE_TBL                 0x2000021c   Data          12  common.o(.data)
    ATK_ESP8266_ECN_TBL                      0x20000228   Data          20  common.o(.data)
    kbd_tbl                                  0x2000023c   Data          52  common.o(.data)
    kbd_fn_tbl                               0x20000270   Data           8  common.o(.data)
    netpro                                   0x20000279   Data           1  wifista.o(.data)
    sys_cmd_tab                              0x2000027c   Data          28  usmart.o(.data)
    usmart_nametab                           0x20000298   Data          32  usmart_config.o(.data)
    usmart_dev                               0x200002b8   Data         244  usmart_config.o(.data)
    SET_TEST_MODE                            0x200003ac   Data           4  usbd_core.o(.data)
    USBD_DCD_INT_cb                          0x200003b0   Data          44  usbd_core.o(.data)
    USBD_DCD_INT_fops                        0x200003dc   Data           4  usbd_core.o(.data)
    USBD_ep_status                           0x200003e0   Data           4  usbd_req.o(.data)
    USBD_default_cfg                         0x200003e4   Data           4  usbd_req.o(.data)
    USBD_cfg_status                          0x200003e8   Data           4  usbd_req.o(.data)
    MSC_BOT_DataLen                          0x200003ee   Data           2  usbd_msc_bot.o(.data)
    MSC_BOT_State                            0x200003f0   Data           1  usbd_msc_bot.o(.data)
    MSC_BOT_Status                           0x200003f1   Data           1  usbd_msc_bot.o(.data)
    USBD_MSC_cb                              0x200003f4   Data          44  usbd_msc_core.o(.data)
    USBD_MSC_CfgDesc                         0x20000420   Data          32  usbd_msc_core.o(.data)
    SCSI_Sense_Head                          0x20000448   Data           1  usbd_msc_scsi.o(.data)
    SCSI_Sense_Tail                          0x20000449   Data           1  usbd_msc_scsi.o(.data)
    SCSI_blk_size                            0x2000044c   Data           4  usbd_msc_scsi.o(.data)
    SCSI_blk_nbr                             0x20000450   Data           4  usbd_msc_scsi.o(.data)
    SCSI_blk_addr                            0x20000458   Data           8  usbd_msc_scsi.o(.data)
    SCSI_blk_len                             0x20000460   Data           4  usbd_msc_scsi.o(.data)
    cdev                                     0x20000464   Data           4  usbd_msc_scsi.o(.data)
    USR_desc                                 0x20000468   Data          28  usbd_desc.o(.data)
    USBD_DeviceDesc                          0x20000484   Data          18  usbd_desc.o(.data)
    USBD_DeviceQualifierDesc                 0x20000496   Data          10  usbd_desc.o(.data)
    USBD_LangIDDesc                          0x200004a0   Data           4  usbd_desc.o(.data)
    USB_STATUS_REG                           0x200004a4   Data           1  usbd_storage_msd.o(.data)
    USBD_MICRO_SDIO_fops                     0x200004a8   Data          32  usbd_storage_msd.o(.data)
    USBD_STORAGE_fops                        0x200004c8   Data           4  usbd_storage_msd.o(.data)
    bDeviceState                             0x200004cc   Data           1  usbd_usr.o(.data)
    USR_cb                                   0x200004d0   Data          28  usbd_usr.o(.data)
    USB_OTG_dev                              0x200004f0   Data        1524  main.o(.bss)
    USART_RX_BUF                             0x20000ae4   Data         200  usart.o(.bss)
    lcddev                                   0x20000bac   Data          14  lcd.o(.bss)
    SDIO_InitStructure                       0x20000bc0   Data          24  sdio_sdcard.o(.bss)
    SDIO_CmdInitStructure                    0x20000bd8   Data          20  sdio_sdcard.o(.bss)
    SDIO_DataInitStructure                   0x20000bec   Data          24  sdio_sdcard.o(.bss)
    SDCardInfo                               0x20000c28   Data          88  sdio_sdcard.o(.bss)
    SDIO_DATA_BUFFER                         0x20000c80   Data         512  sdio_sdcard.o(.bss)
    USART3_TX_BUF                            0x20000e80   Data         400  usart3.o(.bss)
    USART3_RX_BUF                            0x20001010   Data         400  usart3.o(.bss)
    W25QXX_BUFFER                            0x200011a0   Data        4096  w25qxx.o(.bss)
    mem1base                                 0x200021a0   Data       102400  malloc.o(.bss)
    mem1mapbase                              0x2001b1a0   Data        6400  malloc.o(.bss)
    ftinfo                                   0x2001caa0   Data          33  fontupd.o(.bss)
    USBD_StrDesc                             0x2001cac1   Data          64  usbd_req.o(.bss)
    MSC_BOT_Data                             0x2001cb04   Data       12288  usbd_msc_bot.o(.bss)
    MSC_BOT_cbw                              0x2001fb04   Data          32  usbd_msc_bot.o(.bss)
    MSC_BOT_csw                              0x2001fb24   Data          16  usbd_msc_bot.o(.bss)
    SCSI_Sense                               0x2001fb34   Data          32  usbd_msc_scsi.o(.bss)
    __initial_sp                             0x2001ff58   Data           0  startup_stm32f40_41xxx.o(STACK)
    mem2base                                 0x68000000   Data       983040  malloc.o(.ARM.__AT_0x68000000)
    mem2mapbase                              0x680f0000   Data       61440  malloc.o(.ARM.__AT_0x680F0000)



==============================================================================

Memory Map of the image

  Image Entry point : 0x08000189

  Load Region LR_IROM1 (Base: 0x08000000, Size: 0x00016d08, Max: 0x00100000, ABSOLUTE, COMPRESSED[0x00016a18])

    Execution Region ER_IROM1 (Base: 0x08000000, Size: 0x00016818, Max: 0x00100000, ABSOLUTE)

    Base Addr    Size         Type   Attr      Idx    E Section Name        Object

    0x08000000   0x00000188   Data   RO          412    RESET               startup_stm32f40_41xxx.o
    0x08000188   0x00000000   Code   RO         6650  * .ARM.Collect$$$$00000000  mc_w.l(entry.o)
    0x08000188   0x00000004   Code   RO         6948    .ARM.Collect$$$$00000001  mc_w.l(entry2.o)
    0x0800018c   0x00000004   Code   RO         6951    .ARM.Collect$$$$00000004  mc_w.l(entry5.o)
    0x08000190   0x00000000   Code   RO         6953    .ARM.Collect$$$$00000008  mc_w.l(entry7b.o)
    0x08000190   0x00000000   Code   RO         6955    .ARM.Collect$$$$0000000A  mc_w.l(entry8b.o)
    0x08000190   0x00000008   Code   RO         6956    .ARM.Collect$$$$0000000B  mc_w.l(entry9a.o)
    0x08000198   0x00000000   Code   RO         6958    .ARM.Collect$$$$0000000D  mc_w.l(entry10a.o)
    0x08000198   0x00000000   Code   RO         6960    .ARM.Collect$$$$0000000F  mc_w.l(entry11a.o)
    0x08000198   0x00000004   Code   RO         6949    .ARM.Collect$$$$00002712  mc_w.l(entry2.o)
    0x0800019c   0x00000010   Code   RO          464    .emb_text           sys.o
    0x080001ac   0x00000024   Code   RO          413    .text               startup_stm32f40_41xxx.o
    0x080001d0   0x00000062   Code   RO         6653    .text               mc_w.l(uldiv.o)
    0x08000232   0x00000062   Code   RO         6655    .text               mc_w.l(ldiv.o)
    0x08000294   0x00000024   Code   RO         6657    .text               mc_w.l(memcpya.o)
    0x080002b8   0x00000018   Code   RO         6659    .text               mc_w.l(strcat.o)
    0x080002d0   0x00000024   Code   RO         6661    .text               mc_w.l(strstr.o)
    0x080002f4   0x0000000e   Code   RO         6663    .text               mc_w.l(strlen.o)
    0x08000302   0x0000001c   Code   RO         6665    .text               mc_w.l(strcmp.o)
    0x0800031e   0x00000012   Code   RO         6667    .text               mc_w.l(strcpy.o)
    0x08000330   0x0000014e   Code   RO         6932    .text               mf_w.l(dadd.o)
    0x0800047e   0x000000e4   Code   RO         6934    .text               mf_w.l(dmul.o)
    0x08000562   0x00000022   Code   RO         6936    .text               mf_w.l(dflti.o)
    0x08000584   0x0000001a   Code   RO         6938    .text               mf_w.l(dfltui.o)
    0x0800059e   0x00000032   Code   RO         6940    .text               mf_w.l(dfixui.o)
    0x080005d0   0x00000026   Code   RO         6942    .text               mf_w.l(f2d.o)
    0x080005f6   0x00000002   PAD
    0x080005f8   0x00000030   Code   RO         6944    .text               mf_w.l(cdcmple.o)
    0x08000628   0x00000030   Code   RO         6946    .text               mf_w.l(cdrcmple.o)
    0x08000658   0x0000002c   Code   RO         6962    .text               mc_w.l(uidiv.o)
    0x08000684   0x0000001e   Code   RO         6964    .text               mc_w.l(llshl.o)
    0x080006a2   0x00000020   Code   RO         6966    .text               mc_w.l(llushr.o)
    0x080006c2   0x00000024   Code   RO         6968    .text               mc_w.l(llsshr.o)
    0x080006e6   0x00000000   Code   RO         6977    .text               mc_w.l(iusefp.o)
    0x080006e6   0x000000ba   Code   RO         6978    .text               mf_w.l(depilogue.o)
    0x080007a0   0x000000de   Code   RO         6980    .text               mf_w.l(ddiv.o)
    0x0800087e   0x000000a2   Code   RO         6982    .text               mf_w.l(dsqrt.o)
    0x08000920   0x00000030   Code   RO         6984    .text               mf_w.l(dfixul.o)
    0x08000950   0x00000024   Code   RO         6986    .text               mc_w.l(init.o)
    0x08000974   0x00000056   Code   RO         6996    .text               mc_w.l(__dczerorl2.o)
    0x080009ca   0x00000008   Code   RO          540    i.AT24CXX_Init      24cxx.o
    0x080009d2   0x0000002c   Code   RO          542    i.AT24CXX_ReadLenByte  24cxx.o
    0x080009fe   0x00000058   Code   RO          543    i.AT24CXX_ReadOneByte  24cxx.o
    0x08000a56   0x0000002a   Code   RO          545    i.AT24CXX_WriteLenByte  24cxx.o
    0x08000a80   0x00000050   Code   RO          546    i.AT24CXX_WriteOneByte  24cxx.o
    0x08000ad0   0x00000004   Code   RO          271    i.BusFault_Handler  stm32f4xx_it.o
    0x08000ad4   0x0000000a   Code   RO         1293    i.CT_Delay          ctiic.o
    0x08000ade   0x00000002   PAD
    0x08000ae0   0x00000054   Code   RO         1294    i.CT_IIC_Ack        ctiic.o
    0x08000b34   0x00000044   Code   RO         1295    i.CT_IIC_Init       ctiic.o
    0x08000b78   0x00000054   Code   RO         1296    i.CT_IIC_NAck       ctiic.o
    0x08000bcc   0x0000006c   Code   RO         1297    i.CT_IIC_Read_Byte  ctiic.o
    0x08000c38   0x00000064   Code   RO         1298    i.CT_IIC_Send_Byte  ctiic.o
    0x08000c9c   0x0000004c   Code   RO         1299    i.CT_IIC_Start      ctiic.o
    0x08000ce8   0x00000048   Code   RO         1300    i.CT_IIC_Stop       ctiic.o
    0x08000d30   0x00000060   Code   RO         1301    i.CT_IIC_Wait_Ack   ctiic.o
    0x08000d90   0x00000030   Code   RO          954    i.CmdError          sdio_sdcard.o
    0x08000dc0   0x00000064   Code   RO          955    i.CmdResp1Error     sdio_sdcard.o
    0x08000e24   0x00000054   Code   RO          956    i.CmdResp2Error     sdio_sdcard.o
    0x08000e78   0x00000038   Code   RO          957    i.CmdResp3Error     sdio_sdcard.o
    0x08000eb0   0x00000094   Code   RO          958    i.CmdResp6Error     sdio_sdcard.o
    0x08000f44   0x0000004c   Code   RO          959    i.CmdResp7Error     sdio_sdcard.o
    0x08000f90   0x0000004a   Code   RO         5633    i.DCD_EP_Close      usb_dcd.o
    0x08000fda   0x00000048   Code   RO         5634    i.DCD_EP_ClrStall   usb_dcd.o
    0x08001022   0x00000024   Code   RO         5635    i.DCD_EP_Flush      usb_dcd.o
    0x08001046   0x00000068   Code   RO         5636    i.DCD_EP_Open       usb_dcd.o
    0x080010ae   0x00000052   Code   RO         5637    i.DCD_EP_PrepareRx  usb_dcd.o
    0x08001100   0x0000001c   Code   RO         5638    i.DCD_EP_SetAddress  usb_dcd.o
    0x0800111c   0x00000048   Code   RO         5639    i.DCD_EP_Stall      usb_dcd.o
    0x08001164   0x0000004e   Code   RO         5640    i.DCD_EP_Tx         usb_dcd.o
    0x080011b2   0x00000066   Code   RO         5727    i.DCD_HandleEnumDone_ISR  usb_dcd_int.o
    0x08001218   0x00000144   Code   RO         5728    i.DCD_HandleInEP_ISR  usb_dcd_int.o
    0x0800135c   0x00000100   Code   RO         5729    i.DCD_HandleOutEP_ISR  usb_dcd_int.o
    0x0800145c   0x00000068   Code   RO         5730    i.DCD_HandleResume_ISR  usb_dcd_int.o
    0x080014c4   0x000000b0   Code   RO         5731    i.DCD_HandleRxStatusQueueLevel_ISR  usb_dcd_int.o
    0x08001574   0x0000002c   Code   RO         5732    i.DCD_HandleSof_ISR  usb_dcd_int.o
    0x080015a0   0x000000a8   Code   RO         5733    i.DCD_HandleUSBSuspend_ISR  usb_dcd_int.o
    0x08001648   0x00000104   Code   RO         5734    i.DCD_HandleUsbReset_ISR  usb_dcd_int.o
    0x0800174c   0x0000009c   Code   RO         5642    i.DCD_Init          usb_dcd.o
    0x080017e8   0x0000002c   Code   RO         5735    i.DCD_IsoINIncomplete_ISR  usb_dcd_int.o
    0x08001814   0x0000002c   Code   RO         5736    i.DCD_IsoOUTIncomplete_ISR  usb_dcd_int.o
    0x08001840   0x00000028   Code   RO         5737    i.DCD_ReadDevInEP   usb_dcd_int.o
    0x08001868   0x00000090   Code   RO         5738    i.DCD_WriteEmptyTxFifo  usb_dcd_int.o
    0x080018f8   0x00000016   Code   RO         1841    i.DMA_Cmd           stm32f4xx_dma.o
    0x0800190e   0x00000002   PAD
    0x08001910   0x00000158   Code   RO         1842    i.DMA_DeInit        stm32f4xx_dma.o
    0x08001a68   0x00000016   Code   RO         1845    i.DMA_FlowControllerConfig  stm32f4xx_dma.o
    0x08001a7e   0x00000014   Code   RO         1846    i.DMA_GetCmdStatus  stm32f4xx_dma.o
    0x08001a92   0x00000002   PAD
    0x08001a94   0x00000058   Code   RO         1853    i.DMA_Init          stm32f4xx_dma.o
    0x08001aec   0x00000002   Code   RO          272    i.DebugMon_Handler  stm32f4xx_it.o
    0x08001aee   0x00000002   PAD
    0x08001af0   0x00000034   Code   RO         2048    i.FSMC_NORSRAMCmd   stm32f4xx_fsmc.o
    0x08001b24   0x000000e6   Code   RO         2050    i.FSMC_NORSRAMInit  stm32f4xx_fsmc.o
    0x08001c0a   0x00000002   PAD
    0x08001c0c   0x000000e8   Code   RO         1368    i.FT5206_Init       ft5206.o
    0x08001cf4   0x00000058   Code   RO         1369    i.FT5206_RD_Reg     ft5206.o
    0x08001d4c   0x0000019c   Code   RO         1370    i.FT5206_Scan       ft5206.o
    0x08001ee8   0x00000052   Code   RO         1371    i.FT5206_WR_Reg     ft5206.o
    0x08001f3a   0x00000002   PAD
    0x08001f3c   0x00000194   Code   RO          960    i.FindSCR           sdio_sdcard.o
    0x080020d0   0x00000090   Code   RO         2173    i.GPIO_Init         stm32f4xx_gpio.o
    0x08002160   0x00000046   Code   RO         2174    i.GPIO_PinAFConfig  stm32f4xx_gpio.o
    0x080021a6   0x00000012   Code   RO         2177    i.GPIO_ReadInputDataBit  stm32f4xx_gpio.o
    0x080021b8   0x00000004   Code   RO         2181    i.GPIO_SetBits      stm32f4xx_gpio.o
    0x080021bc   0x00000130   Code   RO         1414    i.GT9147_Init       gt9147.o
    0x080022ec   0x00000062   Code   RO         1415    i.GT9147_RD_Reg     gt9147.o
    0x0800234e   0x00000002   PAD
    0x08002350   0x00000200   Code   RO         1416    i.GT9147_Scan       gt9147.o
    0x08002550   0x0000005c   Code   RO         1417    i.GT9147_Send_Cfg   gt9147.o
    0x080025ac   0x0000005c   Code   RO         1418    i.GT9147_WR_Reg     gt9147.o
    0x08002608   0x000000e0   Code   RO         4889    i.Get_HzMat         text.o
    0x080026e8   0x00000004   Code   RO          273    i.HardFault_Handler  stm32f4xx_it.o
    0x080026ec   0x00000050   Code   RO          611    i.IIC_Ack           myiic.o
    0x0800273c   0x0000004c   Code   RO          612    i.IIC_Init          myiic.o
    0x08002788   0x00000050   Code   RO          613    i.IIC_NAck          myiic.o
    0x080027d8   0x0000006c   Code   RO          614    i.IIC_Read_Byte     myiic.o
    0x08002844   0x00000068   Code   RO          615    i.IIC_Send_Byte     myiic.o
    0x080028ac   0x0000004c   Code   RO          616    i.IIC_Start         myiic.o
    0x080028f8   0x0000004c   Code   RO          617    i.IIC_Stop          myiic.o
    0x08002944   0x00000060   Code   RO          618    i.IIC_Wait_Ack      myiic.o
    0x080029a4   0x000000a0   Code   RO          961    i.IsCardProgramming  sdio_sdcard.o
    0x08002a44   0x00000044   Code   RO          677    i.KEY_Init          key.o
    0x08002a88   0x000000c8   Code   RO          678    i.KEY_Scan          key.o
    0x08002b50   0x0000006c   Code   RO          709    i.LCD_Clear         lcd.o
    0x08002bbc   0x000001c0   Code   RO          713    i.LCD_Display_Dir   lcd.o
    0x08002d7c   0x000000b0   Code   RO          714    i.LCD_DrawLine      lcd.o
    0x08002e2c   0x00000024   Code   RO          715    i.LCD_DrawPoint     lcd.o
    0x08002e50   0x0000003c   Code   RO          716    i.LCD_DrawRectangle  lcd.o
    0x08002e8c   0x00000098   Code   RO          717    i.LCD_Draw_Circle   lcd.o
    0x08002f24   0x00000180   Code   RO          718    i.LCD_Fast_DrawPoint  lcd.o
    0x080030a4   0x000000b8   Code   RO          719    i.LCD_Fill          lcd.o
    0x0800315c   0x00003970   Code   RO          720    i.LCD_Init          lcd.o
    0x08006acc   0x00000016   Code   RO          721    i.LCD_Pow           lcd.o
    0x08006ae2   0x00000002   PAD
    0x08006ae4   0x00000014   Code   RO          722    i.LCD_RD_DATA       lcd.o
    0x08006af8   0x00000016   Code   RO          724    i.LCD_ReadReg       lcd.o
    0x08006b0e   0x00000002   PAD
    0x08006b10   0x00000060   Code   RO          725    i.LCD_SSD_BackLightSet  lcd.o
    0x08006b70   0x000002ec   Code   RO          726    i.LCD_Scan_Dir      lcd.o
    0x08006e5c   0x000001a8   Code   RO          727    i.LCD_SetCursor     lcd.o
    0x08007004   0x00000128   Code   RO          729    i.LCD_ShowChar      lcd.o
    0x0800712c   0x00000094   Code   RO          730    i.LCD_ShowNum       lcd.o
    0x080071c0   0x00000066   Code   RO          731    i.LCD_ShowString    lcd.o
    0x08007226   0x00000002   PAD
    0x08007228   0x00000018   Code   RO          733    i.LCD_WR_DATA       lcd.o
    0x08007240   0x00000018   Code   RO          734    i.LCD_WR_REG        lcd.o
    0x08007258   0x00000014   Code   RO          736    i.LCD_WriteRAM_Prepare  lcd.o
    0x0800726c   0x00000014   Code   RO          737    i.LCD_WriteReg      lcd.o
    0x08007280   0x00000040   Code   RO          930    i.LED_Init          led.o
    0x080072c0   0x00000044   Code   RO         6082    i.MSC_BOT_Abort     usbd_msc_bot.o
    0x08007304   0x000000d0   Code   RO         6083    i.MSC_BOT_CBW_Decode  usbd_msc_bot.o
    0x080073d4   0x0000003c   Code   RO         6084    i.MSC_BOT_CplClrFeature  usbd_msc_bot.o
    0x08007410   0x00000050   Code   RO         6085    i.MSC_BOT_DataIn    usbd_msc_bot.o
    0x08007460   0x00000044   Code   RO         6086    i.MSC_BOT_DataOut   usbd_msc_bot.o
    0x080074a4   0x0000000c   Code   RO         6087    i.MSC_BOT_DeInit    usbd_msc_bot.o
    0x080074b0   0x00000048   Code   RO         6088    i.MSC_BOT_Init      usbd_msc_bot.o
    0x080074f8   0x0000002c   Code   RO         6089    i.MSC_BOT_Reset     usbd_msc_bot.o
    0x08007524   0x00000040   Code   RO         6090    i.MSC_BOT_SendCSW   usbd_msc_bot.o
    0x08007564   0x00000048   Code   RO         6091    i.MSC_BOT_SendData  usbd_msc_bot.o
    0x080075ac   0x00000004   Code   RO          274    i.MemManage_Handler  stm32f4xx_it.o
    0x080075b0   0x00000002   Code   RO          275    i.NMI_Handler       stm32f4xx_it.o
    0x080075b2   0x00000002   PAD
    0x080075b4   0x00000078   Code   RO         1791    i.NVIC_Init         misc.o
    0x0800762c   0x00000014   Code   RO         1792    i.NVIC_PriorityGroupConfig  misc.o
    0x08007640   0x00000010   Code   RO         6567    i.OTG_FS_IRQHandler  usbd_usr.o
    0x08007650   0x000000ac   Code   RO         1466    i.OTT2001A_Init     ott2001a.o
    0x080076fc   0x00000062   Code   RO         1467    i.OTT2001A_RD_Reg   ott2001a.o
    0x0800775e   0x00000002   PAD
    0x08007760   0x00000204   Code   RO         1468    i.OTT2001A_Scan     ott2001a.o
    0x08007964   0x0000001c   Code   RO         1469    i.OTT2001A_SensorControl  ott2001a.o
    0x08007980   0x0000005c   Code   RO         1470    i.OTT2001A_WR_Reg   ott2001a.o
    0x080079dc   0x00000002   Code   RO          276    i.PendSV_Handler    stm32f4xx_it.o
    0x080079de   0x00000002   PAD
    0x080079e0   0x00000020   Code   RO         2274    i.RCC_AHB1PeriphClockCmd  stm32f4xx_rcc.o
    0x08007a00   0x00000020   Code   RO         2277    i.RCC_AHB2PeriphClockCmd  stm32f4xx_rcc.o
    0x08007a20   0x00000020   Code   RO         2280    i.RCC_AHB3PeriphClockCmd  stm32f4xx_rcc.o
    0x08007a40   0x00000020   Code   RO         2283    i.RCC_APB1PeriphClockCmd  stm32f4xx_rcc.o
    0x08007a60   0x00000020   Code   RO         2285    i.RCC_APB1PeriphResetCmd  stm32f4xx_rcc.o
    0x08007a80   0x00000020   Code   RO         2286    i.RCC_APB2PeriphClockCmd  stm32f4xx_rcc.o
    0x08007aa0   0x00000020   Code   RO         2288    i.RCC_APB2PeriphResetCmd  stm32f4xx_rcc.o
    0x08007ac0   0x000000e8   Code   RO         2295    i.RCC_GetClocksFreq  stm32f4xx_rcc.o
    0x08007ba8   0x0000002c   Code   RO         6261    i.SCSI_CheckAddressRange  usbd_msc_scsi.o
    0x08007bd4   0x00000058   Code   RO         6262    i.SCSI_Inquiry      usbd_msc_scsi.o
    0x08007c2c   0x00000030   Code   RO         6263    i.SCSI_ModeSense10  usbd_msc_scsi.o
    0x08007c5c   0x00000030   Code   RO         6264    i.SCSI_ModeSense6   usbd_msc_scsi.o
    0x08007c8c   0x000000d8   Code   RO         6265    i.SCSI_ProcessCmd   usbd_msc_scsi.o
    0x08007d64   0x000000c4   Code   RO         6266    i.SCSI_ProcessRead  usbd_msc_scsi.o
    0x08007e28   0x000000d8   Code   RO         6267    i.SCSI_ProcessWrite  usbd_msc_scsi.o
    0x08007f00   0x00000104   Code   RO         6268    i.SCSI_Read10       usbd_msc_scsi.o
    0x08008004   0x0000008c   Code   RO         6269    i.SCSI_ReadCapacity10  usbd_msc_scsi.o
    0x08008090   0x00000088   Code   RO         6270    i.SCSI_ReadFormatCapacity  usbd_msc_scsi.o
    0x08008118   0x00000098   Code   RO         6271    i.SCSI_RequestSense  usbd_msc_scsi.o
    0x080081b0   0x0000003c   Code   RO         6272    i.SCSI_SenseCode    usbd_msc_scsi.o
    0x080081ec   0x00000010   Code   RO         6273    i.SCSI_StartStopUnit  usbd_msc_scsi.o
    0x080081fc   0x00000050   Code   RO         6274    i.SCSI_TestUnitReady  usbd_msc_scsi.o
    0x0800824c   0x00000050   Code   RO         6275    i.SCSI_Verify10     usbd_msc_scsi.o
    0x0800829c   0x00000144   Code   RO         6276    i.SCSI_Write10      usbd_msc_scsi.o
    0x080083e0   0x000000ac   Code   RO          962    i.SDEnWideBus       sdio_sdcard.o
    0x0800848c   0x0000000c   Code   RO         2971    i.SDIO_ClearFlag    stm32f4xx_sdio.o
    0x08008498   0x00000014   Code   RO          963    i.SDIO_Clock_Set    sdio_sdcard.o
    0x080084ac   0x00000034   Code   RO         2977    i.SDIO_DataConfig   stm32f4xx_sdio.o
    0x080084e0   0x00000018   Code   RO         2983    i.SDIO_GetFlagStatus  stm32f4xx_sdio.o
    0x080084f8   0x00000010   Code   RO         2985    i.SDIO_GetPowerState  stm32f4xx_sdio.o
    0x08008508   0x00000008   Code   RO          964    i.SDIO_IRQHandler   sdio_sdcard.o
    0x08008510   0x00000030   Code   RO         2988    i.SDIO_Init         stm32f4xx_sdio.o
    0x08008540   0x00000038   Code   RO          965    i.SDIO_Register_Deinit  sdio_sdcard.o
    0x08008578   0x0000002c   Code   RO         2991    i.SDIO_SendCommand  stm32f4xx_sdio.o
    0x080085a4   0x0000000c   Code   RO         2993    i.SDIO_SetPowerState  stm32f4xx_sdio.o
    0x080085b0   0x00000080   Code   RO          966    i.SD_DMA_Config     sdio_sdcard.o
    0x08008630   0x00000068   Code   RO          967    i.SD_EnableWideBusOperation  sdio_sdcard.o
    0x08008698   0x00000314   Code   RO          968    i.SD_GetCardInfo    sdio_sdcard.o
    0x080089ac   0x00000118   Code   RO          970    i.SD_Init           sdio_sdcard.o
    0x08008ac4   0x00000164   Code   RO          971    i.SD_InitializeCards  sdio_sdcard.o
    0x08008c28   0x000001e4   Code   RO          973    i.SD_PowerON        sdio_sdcard.o
    0x08008e0c   0x00000154   Code   RO          974    i.SD_ProcessIRQSrc  sdio_sdcard.o
    0x08008f60   0x00000268   Code   RO          975    i.SD_ReadBlock      sdio_sdcard.o
    0x080091c8   0x000000a0   Code   RO          976    i.SD_ReadDisk       sdio_sdcard.o
    0x08009268   0x000002f4   Code   RO          977    i.SD_ReadMultiBlocks  sdio_sdcard.o
    0x0800955c   0x00000030   Code   RO          978    i.SD_SelectDeselect  sdio_sdcard.o
    0x0800958c   0x00000018   Code   RO          980    i.SD_SetDeviceMode  sdio_sdcard.o
    0x080095a4   0x00000388   Code   RO          981    i.SD_WriteBlock     sdio_sdcard.o
    0x0800992c   0x000000a0   Code   RO          982    i.SD_WriteDisk      sdio_sdcard.o
    0x080099cc   0x000003d0   Code   RO          983    i.SD_WriteMultiBlocks  sdio_sdcard.o
    0x08009d9c   0x000000c4   Code   RO         1172    i.SPI1_Init         spi.o
    0x08009e60   0x00000038   Code   RO         1173    i.SPI1_ReadWriteByte  spi.o
    0x08009e98   0x00000028   Code   RO         1174    i.SPI1_SetSpeed     spi.o
    0x08009ec0   0x00000018   Code   RO         3174    i.SPI_Cmd           stm32f4xx_spi.o
    0x08009ed8   0x00000012   Code   RO         3182    i.SPI_I2S_GetFlagStatus  stm32f4xx_spi.o
    0x08009eea   0x00000006   Code   RO         3185    i.SPI_I2S_ReceiveData  stm32f4xx_spi.o
    0x08009ef0   0x00000004   Code   RO         3186    i.SPI_I2S_SendData  stm32f4xx_spi.o
    0x08009ef4   0x0000003c   Code   RO         3187    i.SPI_Init          stm32f4xx_spi.o
    0x08009f30   0x00000044   Code   RO         6500    i.STORAGE_GetCapacity  usbd_storage_msd.o
    0x08009f74   0x00000004   Code   RO         6501    i.STORAGE_GetMaxLun  usbd_storage_msd.o
    0x08009f78   0x00000010   Code   RO         6502    i.STORAGE_Init      usbd_storage_msd.o
    0x08009f88   0x00000018   Code   RO         6503    i.STORAGE_IsReady   usbd_storage_msd.o
    0x08009fa0   0x00000006   Code   RO         6504    i.STORAGE_IsWriteProtected  usbd_storage_msd.o
    0x08009fa6   0x00000002   PAD
    0x08009fa8   0x0000005c   Code   RO         6505    i.STORAGE_Read      usbd_storage_msd.o
    0x0800a004   0x0000005c   Code   RO         6506    i.STORAGE_Write     usbd_storage_msd.o
    0x0800a060   0x00000002   Code   RO          277    i.SVC_Handler       stm32f4xx_it.o
    0x0800a062   0x00000002   PAD
    0x0800a064   0x000000ec   Code   RO          372    i.SetSysClock       system_stm32f4xx.o
    0x0800a150   0x000000c8   Code   RO         4890    i.Show_Font         text.o
    0x0800a218   0x000000c2   Code   RO         4891    i.Show_Str          text.o
    0x0800a2da   0x00000002   PAD
    0x0800a2dc   0x00000070   Code   RO         4892    i.Show_Str_Mid      text.o
    0x0800a34c   0x00000028   Code   RO         1795    i.SysTick_CLKSourceConfig  misc.o
    0x0800a374   0x00000002   Code   RO          278    i.SysTick_Handler   stm32f4xx_it.o
    0x0800a376   0x00000002   PAD
    0x0800a378   0x00000068   Code   RO          374    i.SystemInit        system_stm32f4xx.o
    0x0800a3e0   0x00000038   Code   RO         5199    i.TIM4_IRQHandler   usmart.o
    0x0800a418   0x00000034   Code   RO         1259    i.TIM7_IRQHandler   timer.o
    0x0800a44c   0x00000054   Code   RO         1260    i.TIM7_Int_Init     timer.o
    0x0800a4a0   0x00000006   Code   RO         3406    i.TIM_ClearFlag     stm32f4xx_tim.o
    0x0800a4a6   0x00000006   Code   RO         3407    i.TIM_ClearITPendingBit  stm32f4xx_tim.o
    0x0800a4ac   0x00000018   Code   RO         3412    i.TIM_Cmd           stm32f4xx_tim.o
    0x0800a4c4   0x00000006   Code   RO         3431    i.TIM_GetCounter    stm32f4xx_tim.o
    0x0800a4ca   0x00000012   Code   RO         3432    i.TIM_GetFlagStatus  stm32f4xx_tim.o
    0x0800a4dc   0x00000022   Code   RO         3433    i.TIM_GetITStatus   stm32f4xx_tim.o
    0x0800a4fe   0x00000012   Code   RO         3437    i.TIM_ITConfig      stm32f4xx_tim.o
    0x0800a510   0x00000004   Code   RO         3472    i.TIM_SetAutoreload  stm32f4xx_tim.o
    0x0800a514   0x00000004   Code   RO         3478    i.TIM_SetCounter    stm32f4xx_tim.o
    0x0800a518   0x00000084   Code   RO         3484    i.TIM_TimeBaseInit  stm32f4xx_tim.o
    0x0800a59c   0x000001a8   Code   RO         1518    i.TP_Adj_Info_Show  touch.o
    0x0800a744   0x00000900   Code   RO         1519    i.TP_Adjust         touch.o
    0x0800b044   0x00000070   Code   RO         1521    i.TP_Drow_Touch_Point  touch.o
    0x0800b0b4   0x000000b0   Code   RO         1522    i.TP_Get_Adjdata    touch.o
    0x0800b164   0x00000144   Code   RO         1523    i.TP_Init           touch.o
    0x0800b2a8   0x00000094   Code   RO         1524    i.TP_Read_AD        touch.o
    0x0800b33c   0x00000078   Code   RO         1525    i.TP_Read_XOY       touch.o
    0x0800b3b4   0x00000030   Code   RO         1526    i.TP_Read_XY        touch.o
    0x0800b3e4   0x000000c0   Code   RO         1527    i.TP_Read_XY2       touch.o
    0x0800b4a4   0x00000080   Code   RO         1528    i.TP_Save_Adjdata   touch.o
    0x0800b524   0x000000fc   Code   RO         1529    i.TP_Scan           touch.o
    0x0800b620   0x0000004c   Code   RO         1530    i.TP_Write_Byte     touch.o
    0x0800b66c   0x0000005c   Code   RO         5200    i.Timer4_Init       usmart.o
    0x0800b6c8   0x00000088   Code   RO          486    i.USART1_IRQHandler  usart.o
    0x0800b750   0x00000070   Code   RO         1626    i.USART3_IRQHandler  usart3.o
    0x0800b7c0   0x00000012   Code   RO         3962    i.USART_ClearFlag   stm32f4xx_usart.o
    0x0800b7d2   0x00000018   Code   RO         3966    i.USART_Cmd         stm32f4xx_usart.o
    0x0800b7ea   0x00000002   PAD
    0x0800b7ec   0x000000f0   Code   RO         3968    i.USART_DeInit      stm32f4xx_usart.o
    0x0800b8dc   0x0000001a   Code   RO         3969    i.USART_GetFlagStatus  stm32f4xx_usart.o
    0x0800b8f6   0x00000054   Code   RO         3970    i.USART_GetITStatus  stm32f4xx_usart.o
    0x0800b94a   0x0000004a   Code   RO         3972    i.USART_ITConfig    stm32f4xx_usart.o
    0x0800b994   0x000000d4   Code   RO         3973    i.USART_Init        stm32f4xx_usart.o
    0x0800ba68   0x0000000a   Code   RO         3980    i.USART_ReceiveData  stm32f4xx_usart.o
    0x0800ba72   0x00000008   Code   RO         3983    i.USART_SendData    stm32f4xx_usart.o
    0x0800ba7a   0x00000016   Code   RO         5815    i.USBD_ClrCfg       usbd_core.o
    0x0800ba90   0x00000048   Code   RO         5979    i.USBD_ClrFeature   usbd_req.o
    0x0800bad8   0x0000001e   Code   RO         5919    i.USBD_CtlContinueRx  usbd_ioreq.o
    0x0800baf6   0x0000001e   Code   RO         5920    i.USBD_CtlContinueSendData  usbd_ioreq.o
    0x0800bb14   0x0000001e   Code   RO         5980    i.USBD_CtlError     usbd_req.o
    0x0800bb32   0x00000024   Code   RO         5922    i.USBD_CtlReceiveStatus  usbd_ioreq.o
    0x0800bb56   0x0000002e   Code   RO         5923    i.USBD_CtlSendData  usbd_ioreq.o
    0x0800bb84   0x00000024   Code   RO         5924    i.USBD_CtlSendStatus  usbd_ioreq.o
    0x0800bba8   0x000000d0   Code   RO         5816    i.USBD_DataInStage  usbd_core.o
    0x0800bc78   0x00000096   Code   RO         5817    i.USBD_DataOutStage  usbd_core.o
    0x0800bd0e   0x00000006   Code   RO         5818    i.USBD_DeInit       usbd_core.o
    0x0800bd14   0x00000054   Code   RO         5981    i.USBD_GetConfig    usbd_req.o
    0x0800bd68   0x00000122   Code   RO         5982    i.USBD_GetDescriptor  usbd_req.o
    0x0800be8a   0x00000014   Code   RO         5983    i.USBD_GetLen       usbd_req.o
    0x0800be9e   0x00000014   Code   RO         5925    i.USBD_GetRxCount   usbd_ioreq.o
    0x0800beb2   0x00000002   PAD
    0x0800beb4   0x00000050   Code   RO         5984    i.USBD_GetStatus    usbd_req.o
    0x0800bf04   0x00000052   Code   RO         5985    i.USBD_GetString    usbd_req.o
    0x0800bf56   0x00000042   Code   RO         5819    i.USBD_Init         usbd_core.o
    0x0800bf98   0x00000012   Code   RO         5820    i.USBD_IsoINIncomplete  usbd_core.o
    0x0800bfaa   0x00000012   Code   RO         5821    i.USBD_IsoOUTIncomplete  usbd_core.o
    0x0800bfbc   0x00000012   Code   RO         6173    i.USBD_MSC_DataIn   usbd_msc_core.o
    0x0800bfce   0x00000012   Code   RO         6174    i.USBD_MSC_DataOut  usbd_msc_core.o
    0x0800bfe0   0x00000020   Code   RO         6175    i.USBD_MSC_DeInit   usbd_msc_core.o
    0x0800c000   0x00000010   Code   RO         6176    i.USBD_MSC_GetCfgDesc  usbd_msc_core.o
    0x0800c010   0x00000030   Code   RO         6177    i.USBD_MSC_Init     usbd_msc_core.o
    0x0800c040   0x00000120   Code   RO         6178    i.USBD_MSC_Setup    usbd_msc_core.o
    0x0800c160   0x000000e0   Code   RO         5739    i.USBD_OTG_ISR_Handler  usb_dcd_int.o
    0x0800c240   0x00000048   Code   RO         5986    i.USBD_ParseSetupRequest  usbd_req.o
    0x0800c288   0x00000032   Code   RO         5822    i.USBD_Reset        usbd_core.o
    0x0800c2ba   0x0000001e   Code   RO         5823    i.USBD_Resume       usbd_core.o
    0x0800c2d8   0x00000014   Code   RO         5824    i.USBD_RunTestMode  usbd_core.o
    0x0800c2ec   0x0000001a   Code   RO         5825    i.USBD_SOF          usbd_core.o
    0x0800c306   0x0000005c   Code   RO         5987    i.USBD_SetAddress   usbd_req.o
    0x0800c362   0x0000001e   Code   RO         5826    i.USBD_SetCfg       usbd_core.o
    0x0800c380   0x000000d0   Code   RO         5988    i.USBD_SetConfig    usbd_req.o
    0x0800c450   0x000000a4   Code   RO         5989    i.USBD_SetFeature   usbd_req.o
    0x0800c4f4   0x00000054   Code   RO         5827    i.USBD_SetupStage   usbd_core.o
    0x0800c548   0x00000072   Code   RO         5990    i.USBD_StdDevReq    usbd_req.o
    0x0800c5ba   0x00000002   PAD
    0x0800c5bc   0x0000015c   Code   RO         5991    i.USBD_StdEPReq     usbd_req.o
    0x0800c718   0x0000004c   Code   RO         5992    i.USBD_StdItfReq    usbd_req.o
    0x0800c764   0x00000020   Code   RO         5828    i.USBD_Suspend      usbd_core.o
    0x0800c784   0x00000034   Code   RO         6433    i.USBD_USR_ConfigStrDescriptor  usbd_desc.o
    0x0800c7b8   0x00000028   Code   RO         6568    i.USBD_USR_DeviceConfigured  usbd_usr.o
    0x0800c7e0   0x0000002c   Code   RO         6569    i.USBD_USR_DeviceConnected  usbd_usr.o
    0x0800c80c   0x00000010   Code   RO         6434    i.USBD_USR_DeviceDescriptor  usbd_desc.o
    0x0800c81c   0x00000030   Code   RO         6570    i.USBD_USR_DeviceDisconnected  usbd_usr.o
    0x0800c84c   0x00000094   Code   RO         6571    i.USBD_USR_DeviceReset  usbd_usr.o
    0x0800c8e0   0x00000020   Code   RO         6572    i.USBD_USR_DeviceResumed  usbd_usr.o
    0x0800c900   0x00000028   Code   RO         6573    i.USBD_USR_DeviceSuspended  usbd_usr.o
    0x0800c928   0x00000002   Code   RO         6574    i.USBD_USR_Init     usbd_usr.o
    0x0800c92a   0x00000002   PAD
    0x0800c92c   0x00000038   Code   RO         6435    i.USBD_USR_InterfaceStrDescriptor  usbd_desc.o
    0x0800c964   0x00000010   Code   RO         6436    i.USBD_USR_LangIDStrDescriptor  usbd_desc.o
    0x0800c974   0x00000024   Code   RO         6437    i.USBD_USR_ManufacturerStrDescriptor  usbd_desc.o
    0x0800c998   0x0000005c   Code   RO         6438    i.USBD_USR_ProductStrDescriptor  usbd_desc.o
    0x0800c9f4   0x00000048   Code   RO         6439    i.USBD_USR_SerialStrDescriptor  usbd_desc.o
    0x0800ca3c   0x00000024   Code   RO         6376    i.USB_OTG_BSP_EnableInterrupt  usb_bsp.o
    0x0800ca60   0x00000078   Code   RO         6377    i.USB_OTG_BSP_Init  usb_bsp.o
    0x0800cad8   0x0000000c   Code   RO         6378    i.USB_OTG_BSP_mDelay  usb_bsp.o
    0x0800cae4   0x0000000c   Code   RO         6379    i.USB_OTG_BSP_uDelay  usb_bsp.o
    0x0800caf0   0x00000126   Code   RO         5397    i.USB_OTG_CoreInit  usb_core.o
    0x0800cc16   0x0000020a   Code   RO         5398    i.USB_OTG_CoreInitDev  usb_core.o
    0x0800ce20   0x00000070   Code   RO         5399    i.USB_OTG_CoreReset  usb_core.o
    0x0800ce90   0x00000022   Code   RO         5400    i.USB_OTG_DisableGlobalInt  usb_core.o
    0x0800ceb2   0x0000006a   Code   RO         5401    i.USB_OTG_EP0Activate  usb_core.o
    0x0800cf1c   0x00000156   Code   RO         5402    i.USB_OTG_EP0StartXfer  usb_core.o
    0x0800d072   0x00000062   Code   RO         5403    i.USB_OTG_EP0_OutStart  usb_core.o
    0x0800d0d4   0x00000098   Code   RO         5404    i.USB_OTG_EPActivate  usb_core.o
    0x0800d16c   0x00000050   Code   RO         5405    i.USB_OTG_EPClearStall  usb_core.o
    0x0800d1bc   0x0000005e   Code   RO         5406    i.USB_OTG_EPDeactivate  usb_core.o
    0x0800d21a   0x00000064   Code   RO         5407    i.USB_OTG_EPSetStall  usb_core.o
    0x0800d27e   0x000001f6   Code   RO         5408    i.USB_OTG_EPStartXfer  usb_core.o
    0x0800d474   0x00000034   Code   RO         5409    i.USB_OTG_EnableCommonInt  usb_core.o
    0x0800d4a8   0x0000009a   Code   RO         5410    i.USB_OTG_EnableDevInt  usb_core.o
    0x0800d542   0x00000022   Code   RO         5411    i.USB_OTG_EnableGlobalInt  usb_core.o
    0x0800d564   0x0000004c   Code   RO         5412    i.USB_OTG_FlushRxFifo  usb_core.o
    0x0800d5b0   0x00000054   Code   RO         5413    i.USB_OTG_FlushTxFifo  usb_core.o
    0x0800d604   0x00000034   Code   RO         5414    i.USB_OTG_GetDeviceSpeed  usb_core.o
    0x0800d638   0x0000000c   Code   RO         5416    i.USB_OTG_GetMode   usb_core.o
    0x0800d644   0x00000018   Code   RO         5417    i.USB_OTG_InitDevSpeed  usb_core.o
    0x0800d65c   0x00000016   Code   RO         5418    i.USB_OTG_IsDeviceMode  usb_core.o
    0x0800d672   0x00000010   Code   RO         5420    i.USB_OTG_ReadCoreItr  usb_core.o
    0x0800d682   0x00000010   Code   RO         5421    i.USB_OTG_ReadDevAllInEPItr  usb_core.o
    0x0800d692   0x00000010   Code   RO         5422    i.USB_OTG_ReadDevAllOutEp_itr  usb_core.o
    0x0800d6a2   0x00000014   Code   RO         5423    i.USB_OTG_ReadDevOutEP_itr  usb_core.o
    0x0800d6b6   0x00000028   Code   RO         5425    i.USB_OTG_ReadPacket  usb_core.o
    0x0800d6de   0x00000002   PAD
    0x0800d6e0   0x000000d0   Code   RO         5426    i.USB_OTG_SelectCore  usb_core.o
    0x0800d7b0   0x0000004e   Code   RO         5427    i.USB_OTG_SetCurrentMode  usb_core.o
    0x0800d7fe   0x00000040   Code   RO         5431    i.USB_OTG_WritePacket  usb_core.o
    0x0800d83e   0x00000004   Code   RO          279    i.UsageFault_Handler  stm32f4xx_it.o
    0x0800d842   0x00000002   PAD
    0x0800d844   0x00000058   Code   RO         1677    i.W25QXX_Erase_Sector  w25qxx.o
    0x0800d89c   0x00000078   Code   RO         1678    i.W25QXX_Init       w25qxx.o
    0x0800d914   0x00000050   Code   RO         1680    i.W25QXX_Read       w25qxx.o
    0x0800d964   0x00000048   Code   RO         1681    i.W25QXX_ReadID     w25qxx.o
    0x0800d9ac   0x0000002c   Code   RO         1682    i.W25QXX_ReadSR     w25qxx.o
    0x0800d9d8   0x00000012   Code   RO         1684    i.W25QXX_Wait_Busy  w25qxx.o
    0x0800d9ea   0x00000002   PAD
    0x0800d9ec   0x000000b8   Code   RO         1685    i.W25QXX_Write      w25qxx.o
    0x0800daa4   0x00000020   Code   RO         1687    i.W25QXX_Write_Enable  w25qxx.o
    0x0800dac4   0x00000046   Code   RO         1688    i.W25QXX_Write_NoCheck  w25qxx.o
    0x0800db0a   0x00000002   PAD
    0x0800db0c   0x00000054   Code   RO         1689    i.W25QXX_Write_Page  w25qxx.o
    0x0800db60   0x00000020   Code   RO         6904    i.__0printf         mc_w.l(printfa.o)
    0x0800db80   0x00000028   Code   RO         6906    i.__0sprintf        mc_w.l(printfa.o)
    0x0800dba8   0x00000024   Code   RO         6910    i.__0vsprintf       mc_w.l(printfa.o)
    0x0800dbcc   0x0000007a   Code   RO         6638    i.__hardfp_sqrt     m_wm.l(sqrt.o)
    0x0800dc46   0x0000000e   Code   RO         6990    i.__scatterload_copy  mc_w.l(handlers.o)
    0x0800dc54   0x00000002   Code   RO         6991    i.__scatterload_null  mc_w.l(handlers.o)
    0x0800dc56   0x0000000e   Code   RO         6992    i.__scatterload_zeroinit  mc_w.l(handlers.o)
    0x0800dc64   0x0000000c   Code   RO         6972    i.__set_errno       mc_w.l(errno.o)
    0x0800dc70   0x00000184   Code   RO         6911    i._fp_digits        mc_w.l(printfa.o)
    0x0800ddf4   0x000006dc   Code   RO         6912    i._printf_core      mc_w.l(printfa.o)
    0x0800e4d0   0x00000024   Code   RO         6913    i._printf_post_padding  mc_w.l(printfa.o)
    0x0800e4f4   0x0000002e   Code   RO         6914    i._printf_pre_padding  mc_w.l(printfa.o)
    0x0800e522   0x0000000a   Code   RO         6916    i._sputc            mc_w.l(printfa.o)
    0x0800e52c   0x0000003c   Code   RO         5010    i.atk_8266_at_response  common.o
    0x0800e568   0x00000034   Code   RO         5011    i.atk_8266_check_cmd  common.o
    0x0800e59c   0x00000044   Code   RO         5012    i.atk_8266_consta_check  common.o
    0x0800e5e0   0x000000f0   Code   RO         5014    i.atk_8266_get_keynum  common.o
    0x0800e6d0   0x00000054   Code   RO         5015    i.atk_8266_get_wanip  common.o
    0x0800e724   0x000001ac   Code   RO         5016    i.atk_8266_ip_set   common.o
    0x0800e8d0   0x0000012c   Code   RO         5017    i.atk_8266_key_staset  common.o
    0x0800e9fc   0x00000124   Code   RO         5018    i.atk_8266_load_keyboard  common.o
    0x0800eb20   0x00000268   Code   RO         5022    i.atk_8266_netpro_sel  common.o
    0x0800ed88   0x00000070   Code   RO         5023    i.atk_8266_quit_trans  common.o
    0x0800edf8   0x00000074   Code   RO         5024    i.atk_8266_send_cmd  common.o
    0x0800ee6c   0x0000005c   Code   RO         5025    i.atk_8266_send_data  common.o
    0x0800eec8   0x00000108   Code   RO         5027    i.atk_8266_wificonf_show  common.o
    0x0800efd0   0x00000978   Code   RO         5172    i.atk_8266_wifista_test  wifista.o
    0x0800f948   0x00000090   Code   RO         4235    i.check_fs          ff.o
    0x0800f9d8   0x00000014   Code   RO         4236    i.chk_chr           ff.o
    0x0800f9ec   0x00000032   Code   RO         4237    i.clmt_clust        ff.o
    0x0800fa1e   0x0000001a   Code   RO         4238    i.clust2sect        ff.o
    0x0800fa38   0x00000090   Code   RO         4239    i.cmp_lfn           ff.o
    0x0800fac8   0x00000012   Code   RO          984    i.convert_from_bytes_to_power_of_two  sdio_sdcard.o
    0x0800fada   0x000000d6   Code   RO         4240    i.create_chain      ff.o
    0x0800fbb0   0x00000270   Code   RO         4241    i.create_name       ff.o
    0x0800fe20   0x0000003c   Code   RO          420    i.delay_init        delay.o
    0x0800fe5c   0x00000038   Code   RO          421    i.delay_ms          delay.o
    0x0800fe94   0x0000004c   Code   RO          422    i.delay_us          delay.o
    0x0800fee0   0x0000004c   Code   RO          423    i.delay_xms         delay.o
    0x0800ff2c   0x0000005c   Code   RO         4242    i.dir_alloc         ff.o
    0x0800ff88   0x000000de   Code   RO         4243    i.dir_find          ff.o
    0x08010066   0x00000110   Code   RO         4244    i.dir_next          ff.o
    0x08010176   0x000000c4   Code   RO         4245    i.dir_read          ff.o
    0x0801023a   0x0000012a   Code   RO         4246    i.dir_register      ff.o
    0x08010364   0x0000009e   Code   RO         4248    i.dir_sdi           ff.o
    0x08010402   0x00000002   PAD
    0x08010404   0x00000038   Code   RO         4582    i.disk_initialize   diskio.o
    0x0801043c   0x000000b4   Code   RO         4583    i.disk_ioctl        diskio.o
    0x080104f0   0x00000062   Code   RO         4584    i.disk_read         diskio.o
    0x08010552   0x00000006   Code   RO         4585    i.disk_status       diskio.o
    0x08010558   0x00000062   Code   RO         4586    i.disk_write        diskio.o
    0x080105ba   0x0000004a   Code   RO         4652    i.exf_getfree       exfuns.o
    0x08010604   0x00000080   Code   RO         4653    i.exfuns_init       exfuns.o
    0x08010684   0x00000020   Code   RO         4250    i.f_close           ff.o
    0x080106a4   0x00000102   Code   RO         4252    i.f_getfree         ff.o
    0x080107a6   0x0000028e   Code   RO         4255    i.f_lseek           ff.o
    0x08010a34   0x0000017c   Code   RO         4256    i.f_mkdir           ff.o
    0x08010bb0   0x00000640   Code   RO         4257    i.f_mkfs            ff.o
    0x080111f0   0x0000005c   Code   RO         4258    i.f_mount           ff.o
    0x0801124c   0x00000180   Code   RO         4259    i.f_open            ff.o
    0x080113cc   0x000001b0   Code   RO         4264    i.f_read            ff.o
    0x0801157c   0x000001e8   Code   RO         4267    i.f_setlabel        ff.o
    0x08011764   0x000000b0   Code   RO         4269    i.f_sync            ff.o
    0x08011814   0x000001f2   Code   RO         4273    i.f_write           ff.o
    0x08011a06   0x00000002   PAD
    0x08011a08   0x00000098   Code   RO         4858    i.ff_convert        mycc936.o
    0x08011aa0   0x0000000e   Code   RO         4587    i.ff_memalloc       diskio.o
    0x08011aae   0x0000000e   Code   RO         4588    i.ff_memfree        diskio.o
    0x08011abc   0x00000038   Code   RO         4859    i.ff_wtoupper       mycc936.o
    0x08011af4   0x00000388   Code   RO         4274    i.find_volume       ff.o
    0x08011e7c   0x00000080   Code   RO         4275    i.fit_lfn           ff.o
    0x08011efc   0x00000090   Code   RO         4276    i.follow_path       ff.o
    0x08011f8c   0x00000044   Code   RO         4934    i.font_init         fontupd.o
    0x08011fd0   0x0000001c   Code   RO          488    i.fputc             usart.o
    0x08011fec   0x0000009c   Code   RO         4935    i.fupd_prog         fontupd.o
    0x08012088   0x000000c8   Code   RO         4277    i.gen_numname       ff.o
    0x08012150   0x000000e8   Code   RO         4278    i.get_fat           ff.o
    0x08012238   0x00000004   Code   RO         4589    i.get_fattime       diskio.o
    0x0801223c   0x0000004a   Code   RO         4280    i.get_ldnumber      ff.o
    0x08012286   0x00000020   Code   RO         4281    i.ld_clust          ff.o
    0x080122a6   0x00000002   PAD
    0x080122a8   0x00000764   Code   RO            4    i.main              main.o
    0x08012a0c   0x00000026   Code   RO         4282    i.mem_cmp           ff.o
    0x08012a32   0x0000001a   Code   RO         4283    i.mem_cpy           ff.o
    0x08012a4c   0x00000014   Code   RO         4284    i.mem_set           ff.o
    0x08012a60   0x00000032   Code   RO         4285    i.move_window       ff.o
    0x08012a92   0x00000002   PAD
    0x08012a94   0x0000006c   Code   RO         4154    i.my_mem_free       malloc.o
    0x08012b00   0x00000044   Code   RO         4155    i.my_mem_init       malloc.o
    0x08012b44   0x000000a8   Code   RO         4156    i.my_mem_malloc     malloc.o
    0x08012bec   0x00000040   Code   RO         4157    i.my_mem_perused    malloc.o
    0x08012c2c   0x00000024   Code   RO         4158    i.myfree            malloc.o
    0x08012c50   0x00000028   Code   RO         4159    i.mymalloc          malloc.o
    0x08012c78   0x00000014   Code   RO         4161    i.mymemset          malloc.o
    0x08012c8c   0x00000074   Code   RO         4286    i.pick_lfn          ff.o
    0x08012d00   0x00000136   Code   RO         4287    i.put_fat           ff.o
    0x08012e36   0x00000006   Code   RO         5201    i.read_addr         usmart.o
    0x08012e3c   0x0000006c   Code   RO         4289    i.remove_chain      ff.o
    0x08012ea8   0x00000010   Code   RO         4290    i.st_clust          ff.o
    0x08012eb8   0x00000020   Code   RO         4291    i.sum_sfn           ff.o
    0x08012ed8   0x000000c8   Code   RO         4292    i.sync_fs           ff.o
    0x08012fa0   0x0000004c   Code   RO         4293    i.sync_window       ff.o
    0x08012fec   0x00000050   Code   RO         1627    i.u3_printf         usart3.o
    0x0801303c   0x000000b4   Code   RO          489    i.uart_init         usart.o
    0x080130f0   0x00000164   Code   RO         4936    i.updata_fontx      fontupd.o
    0x08013254   0x00000394   Code   RO         4937    i.update_font       fontupd.o
    0x080135e8   0x000000d8   Code   RO         1628    i.usart3_init       usart3.o
    0x080136c0   0x000000b0   Code   RO         5202    i.usmart_cmd_rec    usmart.o
    0x08013770   0x000002d4   Code   RO         5203    i.usmart_exe        usmart.o
    0x08013a44   0x000000c8   Code   RO         5312    i.usmart_get_aparm  usmart_str.o
    0x08013b0c   0x00000036   Code   RO         5313    i.usmart_get_cmdname  usmart_str.o
    0x08013b42   0x00000002   PAD
    0x08013b44   0x000001c0   Code   RO         5314    i.usmart_get_fname  usmart_str.o
    0x08013d04   0x0000010c   Code   RO         5315    i.usmart_get_fparam  usmart_str.o
    0x08013e10   0x00000020   Code   RO         5316    i.usmart_get_parmpos  usmart_str.o
    0x08013e30   0x00000044   Code   RO         5204    i.usmart_get_runtime  usmart.o
    0x08013e74   0x00000028   Code   RO         5205    i.usmart_init       usmart.o
    0x08013e9c   0x00000016   Code   RO         5317    i.usmart_pow        usmart_str.o
    0x08013eb2   0x00000002   PAD
    0x08013eb4   0x00000030   Code   RO         5206    i.usmart_reset_runtime  usmart.o
    0x08013ee4   0x000000bc   Code   RO         5207    i.usmart_scan       usmart.o
    0x08013fa0   0x00000016   Code   RO         5318    i.usmart_search_nextc  usmart_str.o
    0x08013fb6   0x000000ca   Code   RO         5319    i.usmart_str2num    usmart_str.o
    0x08014080   0x00000022   Code   RO         5320    i.usmart_strcmp     usmart_str.o
    0x080140a2   0x00000016   Code   RO         5321    i.usmart_strcopy    usmart_str.o
    0x080140b8   0x00000018   Code   RO         5322    i.usmart_strlen     usmart_str.o
    0x080140d0   0x000006e4   Code   RO         5208    i.usmart_sys_cmd_exe  usmart.o
    0x080147b4   0x00000036   Code   RO         4294    i.validate          ff.o
    0x080147ea   0x00000004   Code   RO         5209    i.write_addr        usmart.o
    0x080147ee   0x000017c0   Data   RO          740    .constdata          lcd.o
    0x08015fae   0x0000000a   Data   RO         1372    .constdata          ft5206.o
    0x08015fb8   0x000000c2   Data   RO         1419    .constdata          gt9147.o
    0x0801607a   0x0000000a   Data   RO         1471    .constdata          ott2001a.o
    0x08016084   0x00000004   Data   RO         1531    .constdata          touch.o
    0x08016088   0x00000024   Data   RO         4168    .constdata          malloc.o
    0x080160ac   0x0000003a   Data   RO         4295    .constdata          ff.o
    0x080160e6   0x000003c0   Data   RO         4860    .constdata          mycc936.o
    0x080164a6   0x00000002   PAD
    0x080164a8   0x00000010   Data   RO         4939    .constdata          fontupd.o
    0x080164b8   0x00000017   Data   RO         6237    .constdata          usbd_msc_data.o
    0x080164cf   0x00000048   Data   RO         6507    .constdata          usbd_storage_msd.o
    0x08016517   0x00000001   PAD
    0x08016518   0x00000079   Data   RO         1532    .conststring        touch.o
    0x08016591   0x00000003   PAD
    0x08016594   0x00000060   Data   RO         4656    .conststring        exfuns.o
    0x080165f4   0x0000005f   Data   RO         4940    .conststring        fontupd.o
    0x08016653   0x00000001   PAD
    0x08016654   0x000000ea   Data   RO         5028    .conststring        common.o
    0x0801673e   0x00000002   PAD
    0x08016740   0x00000028   Data   RO         5210    .conststring        usmart.o
    0x08016768   0x00000090   Data   RO         5287    .conststring        usmart_config.o
    0x080167f8   0x00000020   Data   RO         6988    Region$$Table       anon$$obj.o


    Execution Region RW_IRAM1 (Base: 0x20000000, Size: 0x0001ff58, Max: 0x00020000, ABSOLUTE, COMPRESSED[0x00000200])

    Base Addr    Size         Type   Attr      Idx    E Section Name        Object

    0x20000000   0x00000004   Data   RW          424    .data               delay.o
    0x20000004   0x00000006   Data   RW          491    .data               usart.o
    0x2000000a   0x00000001   Data   RW          679    .data               key.o
    0x2000000b   0x00000001   PAD
    0x2000000c   0x00000004   Data   RW          741    .data               lcd.o
    0x20000010   0x00000010   Data   RW          986    .data               sdio_sdcard.o
    0x20000020   0x00000001   Data   RW         1373    .data               ft5206.o
    0x20000021   0x00000001   Data   RW         1420    .data               gt9147.o
    0x20000022   0x00000001   Data   RW         1472    .data               ott2001a.o
    0x20000023   0x00000001   PAD
    0x20000024   0x00000036   Data   RW         1533    .data               touch.o
    0x2000005a   0x00000002   Data   RW         1630    .data               usart3.o
    0x2000005c   0x00000002   Data   RW         1692    .data               w25qxx.o
    0x2000005e   0x00000010   Data   RW         2327    .data               stm32f4xx_rcc.o
    0x2000006e   0x00000002   PAD
    0x20000070   0x00000024   Data   RW         4169    .data               malloc.o
    0x20000094   0x0000000a   Data   RW         4296    .data               ff.o
    0x2000009e   0x00000002   Data   RW         4590    .data               diskio.o
    0x200000a0   0x00000154   Data   RW         4657    .data               exfuns.o
    0x200001f4   0x00000085   Data   RW         5029    .data               common.o
    0x20000279   0x00000001   Data   RW         5173    .data               wifista.o
    0x2000027a   0x00000002   PAD
    0x2000027c   0x0000001c   Data   RW         5211    .data               usmart.o
    0x20000298   0x00000114   Data   RW         5288    .data               usmart_config.o
    0x200003ac   0x00000034   Data   RW         5829    .data               usbd_core.o
    0x200003e0   0x0000000d   Data   RW         5994    .data               usbd_req.o
    0x200003ed   0x00000001   PAD
    0x200003ee   0x00000004   Data   RW         6093    .data               usbd_msc_bot.o
    0x200003f2   0x00000002   PAD
    0x200003f4   0x0000004e   Data   RW         6179    .data               usbd_msc_core.o
    0x20000442   0x00000006   PAD
    0x20000448   0x00000020   Data   RW         6278    .data               usbd_msc_scsi.o
    0x20000468   0x0000003c   Data   RW         6440    .data               usbd_desc.o
    0x200004a4   0x00000028   Data   RW         6508    .data               usbd_storage_msd.o
    0x200004cc   0x00000020   Data   RW         6575    .data               usbd_usr.o
    0x200004ec   0x00000004   Data   RW         6973    .data               mc_w.l(errno.o)
    0x200004f0   0x000005f4   Zero   RW            5    .bss                main.o
    0x20000ae4   0x000000c8   Zero   RW          490    .bss                usart.o
    0x20000bac   0x0000000e   Zero   RW          739    .bss                lcd.o
    0x20000bba   0x00000006   PAD
    0x20000bc0   0x000002c0   Zero   RW          985    .bss                sdio_sdcard.o
    0x20000e80   0x00000320   Zero   RW         1629    .bss                usart3.o
    0x200011a0   0x00001000   Zero   RW         1691    .bss                w25qxx.o
    0x200021a0   0x0001a900   Zero   RW         4167    .bss                malloc.o
    0x2001caa0   0x00000021   Zero   RW         4938    .bss                fontupd.o
    0x2001cac1   0x00000040   Zero   RW         5993    .bss                usbd_req.o
    0x2001cb01   0x00000003   PAD
    0x2001cb04   0x00003030   Zero   RW         6092    .bss                usbd_msc_bot.o
    0x2001fb34   0x00000020   Zero   RW         6277    .bss                usbd_msc_scsi.o
    0x2001fb54   0x00000004   PAD
    0x2001fb58   0x00000400   Zero   RW          410    STACK               startup_stm32f40_41xxx.o



  Load Region LR$$.ARM.__AT_0x10000000 (Base: 0x10000000, Size: 0x00000000, Max: 0x0000f000, ABSOLUTE)

    Execution Region ER$$.ARM.__AT_0x10000000 (Base: 0x10000000, Size: 0x0000f000, Max: 0x0000f000, ABSOLUTE, UNINIT)

    Base Addr    Size         Type   Attr      Idx    E Section Name        Object

    0x10000000   0x0000f000   Zero   RW         4163    .ARM.__AT_0x10000000  malloc.o



  Load Region LR$$.ARM.__AT_0x1000F000 (Base: 0x1000f000, Size: 0x00000000, Max: 0x00000f00, ABSOLUTE)

    Execution Region ER$$.ARM.__AT_0x1000F000 (Base: 0x1000f000, Size: 0x00000f00, Max: 0x00000f00, ABSOLUTE, UNINIT)

    Base Addr    Size         Type   Attr      Idx    E Section Name        Object

    0x1000f000   0x00000f00   Zero   RW         4164    .ARM.__AT_0x1000F000  malloc.o



  Load Region LR$$.ARM.__AT_0x68000000 (Base: 0x68000000, Size: 0x00000000, Max: 0x000f0000, ABSOLUTE)

    Execution Region ER$$.ARM.__AT_0x68000000 (Base: 0x68000000, Size: 0x000f0000, Max: 0x000f0000, ABSOLUTE, UNINIT)

    Base Addr    Size         Type   Attr      Idx    E Section Name        Object

    0x68000000   0x000f0000   Zero   RW         4165    .ARM.__AT_0x68000000  malloc.o



  Load Region LR$$.ARM.__AT_0x680F0000 (Base: 0x680f0000, Size: 0x00000000, Max: 0x0000f000, ABSOLUTE)

    Execution Region ER$$.ARM.__AT_0x680F0000 (Base: 0x680f0000, Size: 0x0000f000, Max: 0x0000f000, ABSOLUTE, UNINIT)

    Base Addr    Size         Type   Attr      Idx    E Section Name        Object

    0x680f0000   0x0000f000   Zero   RW         4166    .ARM.__AT_0x680F0000  malloc.o


==============================================================================

Image component sizes


      Code (inc. data)   RO Data    RW Data    ZI Data      Debug   Object Name

       262          0          0          0          0       3273   24cxx.o
      2724        360        234        133          0      10926   common.o
       698        128          0          0          0       5241   ctiic.o
       268         16          0          4          0       2587   delay.o
       470         14          0          2          0       6180   diskio.o
       202         18         96        340          0       2360   exfuns.o
     10214        158         58         10          0      45546   ff.o
      1496        154        111          0         33       5506   fontupd.o
       814         42         10          1          0       3797   ft5206.o
      1098         80        194          1          0       4750   gt9147.o
       268         20          0          1          0       1282   key.o
     18218        218       6080          4         14      27015   lcd.o
        64          4          0          0          0        547   led.o
      1892        610          0          0       1524     341521   main.o
       504         60         36         36    1218560       6650   malloc.o
       180         24          0          0          0       2129   misc.o
       208         16        960          0          0       2015   mycc936.o
       696        110          0          0          0       4654   myiic.o
       906         68         10          1          0       4403   ott2001a.o
      7474        410          0         16        704      35093   sdio_sdcard.o
       292         20          0          0          0       1865   spi.o
        36          8        392          0       1024        848   startup_stm32f40_41xxx.o
       496         26          0          0          0       4344   stm32f4xx_dma.o
       282          6          0          0          0       1861   stm32f4xx_fsmc.o
       236          0          0          0          0       3022   stm32f4xx_gpio.o
        26          0          0          0          0       4178   stm32f4xx_it.o
       456         60          0         16          0       7115   stm32f4xx_rcc.o
       208         38          0          0          0       5777   stm32f4xx_sdio.o
       112          0          0          0          0       3570   stm32f4xx_spi.o
       252         28          0          0          0       6660   stm32f4xx_tim.o
       696         42          0          0          0       6850   stm32f4xx_usart.o
        16          0          0          0          0        508   sys.o
       340         32          0          0          0       1509   system_stm32f4xx.o
       730         20          0          0          0       4310   text.o
       136         16          0          0          0       1230   timer.o
      4304        274        125         54          0      10993   touch.o
       344         28          0          6        200       3872   usart.o
       408         42          0          2        800       3494   usart3.o
       180          8          0          0          0       2867   usb_bsp.o
      3404         18          0          0          0      22472   usb_core.o
       702          0          0          0          0       7031   usb_dcd.o
      1930         50          0          0          0      10055   usb_dcd_int.o
       760          6          0         52          0      11220   usbd_core.o
       340        164          0         60          0       6028   usbd_desc.o
       198          0          0          0          0       4730   usbd_ioreq.o
       748        124          0          4      12336       8913   usbd_msc_bot.o
       420         18          0         78          0       5425   usbd_msc_core.o
         0          0         23          0          0        857   usbd_msc_data.o
      2104        278          0         32         32      15545   usbd_msc_scsi.o
      1732         54          0         13         64      11283   usbd_req.o
       302         20         72         40          0       6381   usbd_storage_msd.o
       370        256          0         32          0       4534   usbd_usr.o
      3166       1332         40         28          0       8142   usmart.o
         0          0        144        276          0       1568   usmart_config.o
      1328         20          0          0          0       9029   usmart_str.o
       792         74          0          2       4096       7345   w25qxx.o
      2424        768          0          1          0       2417   wifista.o

    ----------------------------------------------------------------------
     78988       6340       8626       1260    1239400     733323   Object Totals
         0          0         32          0          0          0   (incl. Generated)
        62          0          9         15         13          0   (incl. Padding)

    ----------------------------------------------------------------------

      Code (inc. data)   RO Data    RW Data    ZI Data      Debug   Library Member Name

       122          0          0          0          0        148   sqrt.o
        86          0          0          0          0          0   __dczerorl2.o
         0          0          0          0          0          0   entry.o
         0          0          0          0          0          0   entry10a.o
         0          0          0          0          0          0   entry11a.o
         8          4          0          0          0          0   entry2.o
         4          0          0          0          0          0   entry5.o
         0          0          0          0          0          0   entry7b.o
         0          0          0          0          0          0   entry8b.o
         8          4          0          0          0          0   entry9a.o
        12          6          0          4          0         68   errno.o
        30          0          0          0          0          0   handlers.o
        36          8          0          0          0         68   init.o
         0          0          0          0          0          0   iusefp.o
        98          0          0          0          0         84   ldiv.o
        30          0          0          0          0         68   llshl.o
        36          0          0          0          0         68   llsshr.o
        32          0          0          0          0         68   llushr.o
        36          0          0          0          0         68   memcpya.o
      2344        102          0          0          0        684   printfa.o
        24          0          0          0          0         68   strcat.o
        28          0          0          0          0         76   strcmp.o
        18          0          0          0          0         68   strcpy.o
        14          0          0          0          0         68   strlen.o
        36          0          0          0          0         80   strstr.o
        44          0          0          0          0         80   uidiv.o
        98          0          0          0          0         92   uldiv.o
        48          0          0          0          0         68   cdcmple.o
        48          0          0          0          0         68   cdrcmple.o
       334          0          0          0          0        148   dadd.o
       222          0          0          0          0        100   ddiv.o
       186          0          0          0          0        176   depilogue.o
        50          0          0          0          0         76   dfixui.o
        48          0          0          0          0         68   dfixul.o
        34          0          0          0          0         76   dflti.o
        26          0          0          0          0         76   dfltui.o
       228          0          0          0          0         96   dmul.o
       162          0          0          0          0        100   dsqrt.o
        38          0          0          0          0         68   f2d.o

    ----------------------------------------------------------------------
      4570        124          0          4          0       2976   Library Totals
         2          0          0          0          0          0   (incl. Padding)

    ----------------------------------------------------------------------

      Code (inc. data)   RO Data    RW Data    ZI Data      Debug   Library Name

       122          0          0          0          0        148   m_wm.l
      3022        124          0          4          0       1708   mc_w.l
      1424          0          0          0          0       1120   mf_w.l

    ----------------------------------------------------------------------
      4570        124          0          4          0       2976   Library Totals

    ----------------------------------------------------------------------

==============================================================================


      Code (inc. data)   RO Data    RW Data    ZI Data      Debug   

     83558       6464       8626       1264    1239400     691623   Grand Totals
     83558       6464       8626        512    1239400     691623   ELF Image Totals (compressed)
     83558       6464       8626        512          0          0   ROM Totals

==============================================================================

    Total RO  Size (Code + RO Data)                92184 (  90.02kB)
    Total RW  Size (RW Data + ZI Data)           1240664 (1211.59kB)
    Total ROM Size (Code + RO Data + RW Data)      92696 (  90.52kB)

==============================================================================

